Archive member included to satisfy reference by file (symbol)

c:/st/stm32cubeide_1.6.0/stm32cubeide/plugins/com.st.stm32cube.ide.mcu.externaltools.gnu-tools-for-stm32.9-2020-q2-update.win32_1.5.0.202011040924/tools/bin/../lib/gcc/arm-none-eabi/9.3.1/../../../../arm-none-eabi/lib/thumb/v7-m/nofp\libc_nano.a(lib_a-errno.o)
                              Core/Src/syscalls.o (__errno)
c:/st/stm32cubeide_1.6.0/stm32cubeide/plugins/com.st.stm32cube.ide.mcu.externaltools.gnu-tools-for-stm32.9-2020-q2-update.win32_1.5.0.202011040924/tools/bin/../lib/gcc/arm-none-eabi/9.3.1/../../../../arm-none-eabi/lib/thumb/v7-m/nofp\libc_nano.a(lib_a-exit.o)
                              c:/st/stm32cubeide_1.6.0/stm32cubeide/plugins/com.st.stm32cube.ide.mcu.externaltools.gnu-tools-for-stm32.9-2020-q2-update.win32_1.5.0.202011040924/tools/bin/../lib/gcc/arm-none-eabi/9.3.1/../../../../arm-none-eabi/lib/thumb/v7-m/nofp/crt0.o (exit)
c:/st/stm32cubeide_1.6.0/stm32cubeide/plugins/com.st.stm32cube.ide.mcu.externaltools.gnu-tools-for-stm32.9-2020-q2-update.win32_1.5.0.202011040924/tools/bin/../lib/gcc/arm-none-eabi/9.3.1/../../../../arm-none-eabi/lib/thumb/v7-m/nofp\libc_nano.a(lib_a-impure.o)
                              c:/st/stm32cubeide_1.6.0/stm32cubeide/plugins/com.st.stm32cube.ide.mcu.externaltools.gnu-tools-for-stm32.9-2020-q2-update.win32_1.5.0.202011040924/tools/bin/../lib/gcc/arm-none-eabi/9.3.1/../../../../arm-none-eabi/lib/thumb/v7-m/nofp\libc_nano.a(lib_a-exit.o) (_global_impure_ptr)
c:/st/stm32cubeide_1.6.0/stm32cubeide/plugins/com.st.stm32cube.ide.mcu.externaltools.gnu-tools-for-stm32.9-2020-q2-update.win32_1.5.0.202011040924/tools/bin/../lib/gcc/arm-none-eabi/9.3.1/../../../../arm-none-eabi/lib/thumb/v7-m/nofp\libc_nano.a(lib_a-init.o)
                              c:/st/stm32cubeide_1.6.0/stm32cubeide/plugins/com.st.stm32cube.ide.mcu.externaltools.gnu-tools-for-stm32.9-2020-q2-update.win32_1.5.0.202011040924/tools/bin/../lib/gcc/arm-none-eabi/9.3.1/../../../../arm-none-eabi/lib/thumb/v7-m/nofp/crt0.o (__libc_init_array)
c:/st/stm32cubeide_1.6.0/stm32cubeide/plugins/com.st.stm32cube.ide.mcu.externaltools.gnu-tools-for-stm32.9-2020-q2-update.win32_1.5.0.202011040924/tools/bin/../lib/gcc/arm-none-eabi/9.3.1/../../../../arm-none-eabi/lib/thumb/v7-m/nofp\libc_nano.a(lib_a-memcpy-stub.o)
                              USB_DEVICE/App/usbd_cdc_if.o (memcpy)
c:/st/stm32cubeide_1.6.0/stm32cubeide/plugins/com.st.stm32cube.ide.mcu.externaltools.gnu-tools-for-stm32.9-2020-q2-update.win32_1.5.0.202011040924/tools/bin/../lib/gcc/arm-none-eabi/9.3.1/../../../../arm-none-eabi/lib/thumb/v7-m/nofp\libc_nano.a(lib_a-memset.o)
                              c:/st/stm32cubeide_1.6.0/stm32cubeide/plugins/com.st.stm32cube.ide.mcu.externaltools.gnu-tools-for-stm32.9-2020-q2-update.win32_1.5.0.202011040924/tools/bin/../lib/gcc/arm-none-eabi/9.3.1/../../../../arm-none-eabi/lib/thumb/v7-m/nofp/crt0.o (memset)

Allocating common symbols
Common symbol       size              file

hUsbDeviceFS        0x2c4             USB_DEVICE/App/usb_device.o
hspi2               0x58              Core/Src/main.o
uwTick              0x4               Drivers/STM32F1xx_HAL_Driver/Src/stm32f1xx_hal.o
pFlash              0x20              Drivers/STM32F1xx_HAL_Driver/Src/stm32f1xx_hal_flash.o
UserRxBufferFS      0x3e8             USB_DEVICE/App/usbd_cdc_if.o
UserTxBufferFS      0x3e8             USB_DEVICE/App/usbd_cdc_if.o
hspi1               0x58              Core/Src/main.o
hdma_spi2_tx        0x44              Core/Src/main.o
hpcd_USB_FS         0x2ec             USB_DEVICE/Target/usbd_conf.o
USBD_StrDesc        0x200             USB_DEVICE/App/usbd_desc.o
hdma_spi1_tx        0x44              Core/Src/main.o
CDC_RxBuffer        0x800             USB_DEVICE/App/usbd_cdc_if.o

Discarded input sections

 .text          0x0000000000000000        0x0 c:/st/stm32cubeide_1.6.0/stm32cubeide/plugins/com.st.stm32cube.ide.mcu.externaltools.gnu-tools-for-stm32.9-2020-q2-update.win32_1.5.0.202011040924/tools/bin/../lib/gcc/arm-none-eabi/9.3.1/thumb/v7-m/nofp/crti.o
 .data          0x0000000000000000        0x0 c:/st/stm32cubeide_1.6.0/stm32cubeide/plugins/com.st.stm32cube.ide.mcu.externaltools.gnu-tools-for-stm32.9-2020-q2-update.win32_1.5.0.202011040924/tools/bin/../lib/gcc/arm-none-eabi/9.3.1/thumb/v7-m/nofp/crti.o
 .bss           0x0000000000000000        0x0 c:/st/stm32cubeide_1.6.0/stm32cubeide/plugins/com.st.stm32cube.ide.mcu.externaltools.gnu-tools-for-stm32.9-2020-q2-update.win32_1.5.0.202011040924/tools/bin/../lib/gcc/arm-none-eabi/9.3.1/thumb/v7-m/nofp/crti.o
 .data          0x0000000000000000        0x4 c:/st/stm32cubeide_1.6.0/stm32cubeide/plugins/com.st.stm32cube.ide.mcu.externaltools.gnu-tools-for-stm32.9-2020-q2-update.win32_1.5.0.202011040924/tools/bin/../lib/gcc/arm-none-eabi/9.3.1/thumb/v7-m/nofp/crtbegin.o
[...]
Memory Configuration

Name             Origin             Length             Attributes
RAM              0x0000000020000000 0x0000000000005000 xrw
FLASH            0x0000000008000000 0x0000000000010000 xr
*default*        0x0000000000000000 0xffffffffffffffff

Linker script and memory map

LOAD c:/st/stm32cubeide_1.6.0/stm32cubeide/plugins/com.st.stm32cube.ide.mcu.externaltools.gnu-tools-for-stm32.9-2020-q2-update.win32_1.5.0.202011040924/tools/bin/../lib/gcc/arm-none-eabi/9.3.1/thumb/v7-m/nofp/crti.o
LOAD c:/st/stm32cubeide_1.6.0/stm32cubeide/plugins/com.st.stm32cube.ide.mcu.externaltools.gnu-tools-for-stm32.9-2020-q2-update.win32_1.5.0.202011040924/tools/bin/../lib/gcc/arm-none-eabi/9.3.1/thumb/v7-m/nofp/crtbegin.o
LOAD c:/st/stm32cubeide_1.6.0/stm32cubeide/plugins/com.st.stm32cube.ide.mcu.externaltools.gnu-tools-for-stm32.9-2020-q2-update.win32_1.5.0.202011040924/tools/bin/../lib/gcc/arm-none-eabi/9.3.1/../../../../arm-none-eabi/lib/thumb/v7-m/nofp/crt0.o
LOAD Core/Src/main.o
LOAD Core/Src/stm32f1xx_hal_msp.o
LOAD Core/Src/stm32f1xx_it.o
LOAD Core/Src/syscalls.o
LOAD Core/Src/sysmem.o
LOAD Core/Src/system_stm32f1xx.o
LOAD Core/Src/user.o
LOAD Core/Startup/startup_stm32f103c8tx.o
LOAD Drivers/STM32F1xx_HAL_Driver/Src/stm32f1xx_hal.o
LOAD Drivers/STM32F1xx_HAL_Driver/Src/stm32f1xx_hal_cortex.o
LOAD Drivers/STM32F1xx_HAL_Driver/Src/stm32f1xx_hal_dma.o
LOAD Drivers/STM32F1xx_HAL_Driver/Src/stm32f1xx_hal_exti.o
LOAD Drivers/STM32F1xx_HAL_Driver/Src/stm32f1xx_hal_flash.o
LOAD Drivers/STM32F1xx_HAL_Driver/Src/stm32f1xx_hal_flash_ex.o
LOAD Drivers/STM32F1xx_HAL_Driver/Src/stm32f1xx_hal_gpio.o
LOAD Drivers/STM32F1xx_HAL_Driver/Src/stm32f1xx_hal_gpio_ex.o
LOAD Drivers/STM32F1xx_HAL_Driver/Src/stm32f1xx_hal_pcd.o
LOAD Drivers/STM32F1xx_HAL_Driver/Src/stm32f1xx_hal_pcd_ex.o
LOAD Drivers/STM32F1xx_HAL_Driver/Src/stm32f1xx_hal_pwr.o
LOAD Drivers/STM32F1xx_HAL_Driver/Src/stm32f1xx_hal_rcc.o
LOAD Drivers/STM32F1xx_HAL_Driver/Src/stm32f1xx_hal_rcc_ex.o
LOAD Drivers/STM32F1xx_HAL_Driver/Src/stm32f1xx_hal_spi.o
LOAD Drivers/STM32F1xx_HAL_Driver/Src/stm32f1xx_hal_tim.o
LOAD Drivers/STM32F1xx_HAL_Driver/Src/stm32f1xx_hal_tim_ex.o
LOAD Drivers/STM32F1xx_HAL_Driver/Src/stm32f1xx_ll_dma.o
LOAD Drivers/STM32F1xx_HAL_Driver/Src/stm32f1xx_ll_exti.o
LOAD Drivers/STM32F1xx_HAL_Driver/Src/stm32f1xx_ll_gpio.o
LOAD Drivers/STM32F1xx_HAL_Driver/Src/stm32f1xx_ll_rcc.o
LOAD Drivers/STM32F1xx_HAL_Driver/Src/stm32f1xx_ll_tim.o
LOAD Drivers/STM32F1xx_HAL_Driver/Src/stm32f1xx_ll_usb.o
LOAD Drivers/STM32F1xx_HAL_Driver/Src/stm32f1xx_ll_utils.o
LOAD Middlewares/ST/STM32_USB_Device_Library/Class/CDC/Src/usbd_cdc.o
LOAD Middlewares/ST/STM32_USB_Device_Library/Core/Src/usbd_core.o
LOAD Middlewares/ST/STM32_USB_Device_Library/Core/Src/usbd_ctlreq.o
LOAD Middlewares/ST/STM32_USB_Device_Library/Core/Src/usbd_ioreq.o
LOAD USB_DEVICE/App/usb_device.o
LOAD USB_DEVICE/App/usbd_cdc_if.o
LOAD USB_DEVICE/App/usbd_desc.o
LOAD USB_DEVICE/Target/usbd_conf.o
START GROUP
LOAD c:/st/stm32cubeide_1.6.0/stm32cubeide/plugins/com.st.stm32cube.ide.mcu.externaltools.gnu-tools-for-stm32.9-2020-q2-update.win32_1.5.0.202011040924/tools/bin/../lib/gcc/arm-none-eabi/9.3.1/../../../../arm-none-eabi/lib/thumb/v7-m/nofp\libc_nano.a
LOAD c:/st/stm32cubeide_1.6.0/stm32cubeide/plugins/com.st.stm32cube.ide.mcu.externaltools.gnu-tools-for-stm32.9-2020-q2-update.win32_1.5.0.202011040924/tools/bin/../lib/gcc/arm-none-eabi/9.3.1/../../../../arm-none-eabi/lib/thumb/v7-m/nofp\libm.a
END GROUP
START GROUP
LOAD c:/st/stm32cubeide_1.6.0/stm32cubeide/plugins/com.st.stm32cube.ide.mcu.externaltools.gnu-tools-for-stm32.9-2020-q2-update.win32_1.5.0.202011040924/tools/bin/../lib/gcc/arm-none-eabi/9.3.1/thumb/v7-m/nofp\libgcc.a
LOAD c:/st/stm32cubeide_1.6.0/stm32cubeide/plugins/com.st.stm32cube.ide.mcu.externaltools.gnu-tools-for-stm32.9-2020-q2-update.win32_1.5.0.202011040924/tools/bin/../lib/gcc/arm-none-eabi/9.3.1/../../../../arm-none-eabi/lib/thumb/v7-m/nofp\libc_nano.a
END GROUP
START GROUP
LOAD c:/st/stm32cubeide_1.6.0/stm32cubeide/plugins/com.st.stm32cube.ide.mcu.externaltools.gnu-tools-for-stm32.9-2020-q2-update.win32_1.5.0.202011040924/tools/bin/../lib/gcc/arm-none-eabi/9.3.1/thumb/v7-m/nofp\libgcc.a
LOAD c:/st/stm32cubeide_1.6.0/stm32cubeide/plugins/com.st.stm32cube.ide.mcu.externaltools.gnu-tools-for-stm32.9-2020-q2-update.win32_1.5.0.202011040924/tools/bin/../lib/gcc/arm-none-eabi/9.3.1/../../../../arm-none-eabi/lib/thumb/v7-m/nofp\libc_nano.a
LOAD c:/st/stm32cubeide_1.6.0/stm32cubeide/plugins/com.st.stm32cube.ide.mcu.externaltools.gnu-tools-for-stm32.9-2020-q2-update.win32_1.5.0.202011040924/tools/bin/../lib/gcc/arm-none-eabi/9.3.1/../../../../arm-none-eabi/lib/thumb/v7-m/nofp\libnosys.a
END GROUP
START GROUP
LOAD c:/st/stm32cubeide_1.6.0/stm32cubeide/plugins/com.st.stm32cube.ide.mcu.externaltools.gnu-tools-for-stm32.9-2020-q2-update.win32_1.5.0.202011040924/tools/bin/../lib/gcc/arm-none-eabi/9.3.1/thumb/v7-m/nofp\libgcc.a
LOAD c:/st/stm32cubeide_1.6.0/stm32cubeide/plugins/com.st.stm32cube.ide.mcu.externaltools.gnu-tools-for-stm32.9-2020-q2-update.win32_1.5.0.202011040924/tools/bin/../lib/gcc/arm-none-eabi/9.3.1/../../../../arm-none-eabi/lib/thumb/v7-m/nofp\libc_nano.a
LOAD c:/st/stm32cubeide_1.6.0/stm32cubeide/plugins/com.st.stm32cube.ide.mcu.externaltools.gnu-tools-for-stm32.9-2020-q2-update.win32_1.5.0.202011040924/tools/bin/../lib/gcc/arm-none-eabi/9.3.1/../../../../arm-none-eabi/lib/thumb/v7-m/nofp\libnosys.a
END GROUP
LOAD c:/st/stm32cubeide_1.6.0/stm32cubeide/plugins/com.st.stm32cube.ide.mcu.externaltools.gnu-tools-for-stm32.9-2020-q2-update.win32_1.5.0.202011040924/tools/bin/../lib/gcc/arm-none-eabi/9.3.1/thumb/v7-m/nofp/crtend.o
LOAD c:/st/stm32cubeide_1.6.0/stm32cubeide/plugins/com.st.stm32cube.ide.mcu.externaltools.gnu-tools-for-stm32.9-2020-q2-update.win32_1.5.0.202011040924/tools/bin/../lib/gcc/arm-none-eabi/9.3.1/thumb/v7-m/nofp/crtn.o
                0x0000000020005000                _estack = (ORIGIN (RAM) + LENGTH (RAM))
                0x0000000000000200                _Min_Heap_Size = 0x200
                0x0000000000000400                _Min_Stack_Size = 0x400

.isr_vector     0x0000000008000000      0x10c
                0x0000000008000000                . = ALIGN (0x4)
 *(.isr_vector)
 .isr_vector    0x0000000008000000      0x10c Core/Startup/startup_stm32f103c8tx.o
                0x0000000008000000                g_pfnVectors
                0x000000000800010c                . = ALIGN (0x4)

.text           0x000000000800010c     0x41ec
                0x000000000800010c                . = ALIGN (0x4)
 *(.text)
 .text          0x000000000800010c       0x40 c:/st/stm32cubeide_1.6.0/stm32cubeide/plugins/com.st.stm32cube.ide.mcu.externaltools.gnu-tools-for-stm32.9-2020-q2-update.win32_1.5.0.202011040924/tools/bin/../lib/gcc/arm-none-eabi/9.3.1/thumb/v7-m/nofp/crtbegin.o
 *(.text*)
 .text.SystemClock_Config
                0x000000000800014c       0xac Core/Src/main.o
                0x000000000800014c                SystemClock_Config
 .text.main     0x00000000080001f8      0x294 Core/Src/main.o
                0x00000000080001f8                main
 .text.Error_Handler
                0x000000000800048c        0x4 Core/Src/main.o
                0x000000000800048c                Error_Handler
 .text.HAL_MspInit
                0x0000000008000490       0x44 Core/Src/stm32f1xx_hal_msp.o
                0x0000000008000490                HAL_MspInit
 .text.HAL_SPI_MspInit
                0x00000000080004d4      0x130 Core/Src/stm32f1xx_hal_msp.o
                0x00000000080004d4                HAL_SPI_MspInit
 .text.NMI_Handler
                0x0000000008000604        0x2 Core/Src/stm32f1xx_it.o
                0x0000000008000604                NMI_Handler
 .text.HardFault_Handler
                0x0000000008000606        0x2 Core/Src/stm32f1xx_it.o
                0x0000000008000606                HardFault_Handler
 .text.MemManage_Handler
                0x0000000008000608        0x2 Core/Src/stm32f1xx_it.o
                0x0000000008000608                MemManage_Handler
 .text.BusFault_Handler
                0x000000000800060a        0x2 Core/Src/stm32f1xx_it.o
                0x000000000800060a                BusFault_Handler
 .text.UsageFault_Handler
                0x000000000800060c        0x2 Core/Src/stm32f1xx_it.o
                0x000000000800060c                UsageFault_Handler
 .text.SVC_Handler
                0x000000000800060e        0x2 Core/Src/stm32f1xx_it.o
                0x000000000800060e                SVC_Handler
 .text.DebugMon_Handler
                0x0000000008000610        0x2 Core/Src/stm32f1xx_it.o
                0x0000000008000610                DebugMon_Handler
 .text.PendSV_Handler
                0x0000000008000612        0x2 Core/Src/stm32f1xx_it.o
                0x0000000008000612                PendSV_Handler
 .text.SysTick_Handler
                0x0000000008000614        0x8 Core/Src/stm32f1xx_it.o
                0x0000000008000614                SysTick_Handler
 .text.DMA1_Channel3_IRQHandler
                0x000000000800061c       0x10 Core/Src/stm32f1xx_it.o
                0x000000000800061c                DMA1_Channel3_IRQHandler
 .text.DMA1_Channel5_IRQHandler
                0x000000000800062c       0x10 Core/Src/stm32f1xx_it.o
                0x000000000800062c                DMA1_Channel5_IRQHandler
 .text.USB_LP_CAN1_RX0_IRQHandler
                0x000000000800063c       0x10 Core/Src/stm32f1xx_it.o
                0x000000000800063c                USB_LP_CAN1_RX0_IRQHandler
 .text.TIM1_CC_IRQHandler
                0x000000000800064c       0x20 Core/Src/stm32f1xx_it.o
                0x000000000800064c                TIM1_CC_IRQHandler
 .text.SystemInit
                0x000000000800066c        0x2 Core/Src/system_stm32f1xx.o
                0x000000000800066c                SystemInit
 *fill*         0x000000000800066e        0x2 
 .text.decode_data
                0x0000000008000670      0x16c Core/Src/user.o
                0x0000000008000670                decode_data
 .text.init     0x00000000080007dc       0x38 Core/Src/user.o
                0x00000000080007dc                init
 .text.scan_start
                0x0000000008000814       0xc0 Core/Src/user.o
                0x0000000008000814                scan_start
 .text.usb_rx_callback
                0x00000000080008d4       0x38 Core/Src/user.o
                0x00000000080008d4                usb_rx_callback
 .text.Reset_Handler
                0x000000000800090c       0x48 Core/Startup/startup_stm32f103c8tx.o
                0x000000000800090c                Reset_Handler
 .text.Default_Handler
                0x0000000008000954        0x2 Core/Startup/startup_stm32f103c8tx.o
                0x0000000008000954                RTC_Alarm_IRQHandler
                0x0000000008000954                EXTI2_IRQHandler
                0x0000000008000954                PVD_IRQHandler
                0x0000000008000954                EXTI3_IRQHandler
                0x0000000008000954                EXTI0_IRQHandler
                0x0000000008000954                I2C2_EV_IRQHandler
                0x0000000008000954                ADC1_2_IRQHandler
                0x0000000008000954                SPI1_IRQHandler
                0x0000000008000954                TAMPER_IRQHandler
                0x0000000008000954                DMA1_Channel4_IRQHandler
                0x0000000008000954                USART3_IRQHandler
                0x0000000008000954                RTC_IRQHandler
                0x0000000008000954                DMA1_Channel7_IRQHandler
                0x0000000008000954                CAN1_RX1_IRQHandler
                0x0000000008000954                TIM4_IRQHandler
                0x0000000008000954                I2C1_EV_IRQHandler
                0x0000000008000954                DMA1_Channel6_IRQHandler
                0x0000000008000954                TIM3_IRQHandler
                0x0000000008000954                RCC_IRQHandler
                0x0000000008000954                TIM1_TRG_COM_IRQHandler
                0x0000000008000954                DMA1_Channel1_IRQHandler
                0x0000000008000954                Default_Handler
                0x0000000008000954                EXTI15_10_IRQHandler
                0x0000000008000954                EXTI9_5_IRQHandler
                0x0000000008000954                SPI2_IRQHandler
                0x0000000008000954                EXTI4_IRQHandler
                0x0000000008000954                USB_HP_CAN1_TX_IRQHandler
                0x0000000008000954                TIM1_UP_IRQHandler
                0x0000000008000954                WWDG_IRQHandler
                0x0000000008000954                TIM2_IRQHandler
                0x0000000008000954                TIM1_BRK_IRQHandler
                0x0000000008000954                EXTI1_IRQHandler
                0x0000000008000954                USART2_IRQHandler
                0x0000000008000954                I2C2_ER_IRQHandler
                0x0000000008000954                DMA1_Channel2_IRQHandler
                0x0000000008000954                CAN1_SCE_IRQHandler
                0x0000000008000954                FLASH_IRQHandler
                0x0000000008000954                USART1_IRQHandler
                0x0000000008000954                I2C1_ER_IRQHandler
                0x0000000008000954                USBWakeUp_IRQHandler
 *fill*         0x0000000008000956        0x2 
 .text.HAL_InitTick
                0x0000000008000958       0x4c Drivers/STM32F1xx_HAL_Driver/Src/stm32f1xx_hal.o
                0x0000000008000958                HAL_InitTick
 .text.HAL_Init
                0x00000000080009a4       0x24 Drivers/STM32F1xx_HAL_Driver/Src/stm32f1xx_hal.o
                0x00000000080009a4                HAL_Init
 .text.HAL_IncTick
                0x00000000080009c8       0x18 Drivers/STM32F1xx_HAL_Driver/Src/stm32f1xx_hal.o
                0x00000000080009c8                HAL_IncTick
 .text.HAL_GetTick
                0x00000000080009e0        0xc Drivers/STM32F1xx_HAL_Driver/Src/stm32f1xx_hal.o
                0x00000000080009e0                HAL_GetTick
 .text.HAL_NVIC_SetPriorityGrouping
                0x00000000080009ec       0x24 Drivers/STM32F1xx_HAL_Driver/Src/stm32f1xx_hal_cortex.o
                0x00000000080009ec                HAL_NVIC_SetPriorityGrouping
 .text.HAL_NVIC_SetPriority
                0x0000000008000a10       0x64 Drivers/STM32F1xx_HAL_Driver/Src/stm32f1xx_hal_cortex.o
                0x0000000008000a10                HAL_NVIC_SetPriority
 .text.HAL_NVIC_EnableIRQ
                0x0000000008000a74       0x1c Drivers/STM32F1xx_HAL_Driver/Src/stm32f1xx_hal_cortex.o
                0x0000000008000a74                HAL_NVIC_EnableIRQ
 .text.HAL_SYSTICK_Config
                0x0000000008000a90       0x2c Drivers/STM32F1xx_HAL_Driver/Src/stm32f1xx_hal_cortex.o
                0x0000000008000a90                HAL_SYSTICK_Config
 .text.HAL_DMA_Init
                0x0000000008000abc       0x6c Drivers/STM32F1xx_HAL_Driver/Src/stm32f1xx_hal_dma.o
                0x0000000008000abc                HAL_DMA_Init
 .text.HAL_DMA_Start_IT
                0x0000000008000b28       0x94 Drivers/STM32F1xx_HAL_Driver/Src/stm32f1xx_hal_dma.o
                0x0000000008000b28                HAL_DMA_Start_IT
 .text.HAL_DMA_IRQHandler
                0x0000000008000bbc      0x140 Drivers/STM32F1xx_HAL_Driver/Src/stm32f1xx_hal_dma.o
                0x0000000008000bbc                HAL_DMA_IRQHandler
 .text.HAL_GPIO_Init
                0x0000000008000cfc      0x220 Drivers/STM32F1xx_HAL_Driver/Src/stm32f1xx_hal_gpio.o
                0x0000000008000cfc                HAL_GPIO_Init
 .text.HAL_PCD_Init
                0x0000000008000f1c      0x102 Drivers/STM32F1xx_HAL_Driver/Src/stm32f1xx_hal_pcd.o
                0x0000000008000f1c                HAL_PCD_Init
 .text.HAL_PCD_Start
                0x000000000800101e       0x32 Drivers/STM32F1xx_HAL_Driver/Src/stm32f1xx_hal_pcd.o
                0x000000000800101e                HAL_PCD_Start
 .text.HAL_PCD_SetAddress
                0x0000000008001050       0x28 Drivers/STM32F1xx_HAL_Driver/Src/stm32f1xx_hal_pcd.o
                0x0000000008001050                HAL_PCD_SetAddress
 .text.HAL_PCD_IRQHandler
                0x0000000008001078      0xaf8 Drivers/STM32F1xx_HAL_Driver/Src/stm32f1xx_hal_pcd.o
                0x0000000008001078                HAL_PCD_IRQHandler
 .text.HAL_PCD_EP_Open
                0x0000000008001b70       0x70 Drivers/STM32F1xx_HAL_Driver/Src/stm32f1xx_hal_pcd.o
                0x0000000008001b70                HAL_PCD_EP_Open
 .text.HAL_PCD_EP_Close
                0x0000000008001be0       0x64 Drivers/STM32F1xx_HAL_Driver/Src/stm32f1xx_hal_pcd.o
                0x0000000008001be0                HAL_PCD_EP_Close
 .text.HAL_PCD_EP_Receive
                0x0000000008001c44       0x3a Drivers/STM32F1xx_HAL_Driver/Src/stm32f1xx_hal_pcd.o
                0x0000000008001c44                HAL_PCD_EP_Receive
 .text.HAL_PCD_EP_GetRxCount
                0x0000000008001c7e       0x12 Drivers/STM32F1xx_HAL_Driver/Src/stm32f1xx_hal_pcd.o
                0x0000000008001c7e                HAL_PCD_EP_GetRxCount
 .text.HAL_PCD_EP_Transmit
                0x0000000008001c90       0x3a Drivers/STM32F1xx_HAL_Driver/Src/stm32f1xx_hal_pcd.o
                0x0000000008001c90                HAL_PCD_EP_Transmit
 .text.HAL_PCD_EP_SetStall
                0x0000000008001cca       0x78 Drivers/STM32F1xx_HAL_Driver/Src/stm32f1xx_hal_pcd.o
                0x0000000008001cca                HAL_PCD_EP_SetStall
 .text.HAL_PCD_EP_ClrStall
                0x0000000008001d42       0x76 Drivers/STM32F1xx_HAL_Driver/Src/stm32f1xx_hal_pcd.o
                0x0000000008001d42                HAL_PCD_EP_ClrStall
 .text.HAL_PCDEx_PMAConfig
                0x0000000008001db8       0x38 Drivers/STM32F1xx_HAL_Driver/Src/stm32f1xx_hal_pcd_ex.o
                0x0000000008001db8                HAL_PCDEx_PMAConfig
 .text.SPI_WaitFlagStateUntilTimeout
                0x0000000008001df0       0xd8 Drivers/STM32F1xx_HAL_Driver/Src/stm32f1xx_hal_spi.o
 .text.SPI_EndRxTxTransaction
                0x0000000008001ec8       0x24 Drivers/STM32F1xx_HAL_Driver/Src/stm32f1xx_hal_spi.o
 .text.HAL_SPI_Init
                0x0000000008001eec       0xb6 Drivers/STM32F1xx_HAL_Driver/Src/stm32f1xx_hal_spi.o
                0x0000000008001eec                HAL_SPI_Init
 *fill*         0x0000000008001fa2        0x2 
 .text.HAL_SPI_Transmit_DMA
                0x0000000008001fa4       0xe0 Drivers/STM32F1xx_HAL_Driver/Src/stm32f1xx_hal_spi.o
                0x0000000008001fa4                HAL_SPI_Transmit_DMA
 .text.HAL_SPI_TxCpltCallback
                0x0000000008002084        0x2 Drivers/STM32F1xx_HAL_Driver/Src/stm32f1xx_hal_spi.o
                0x0000000008002084                HAL_SPI_TxCpltCallback
 .text.HAL_SPI_TxHalfCpltCallback
                0x0000000008002086        0x2 Drivers/STM32F1xx_HAL_Driver/Src/stm32f1xx_hal_spi.o
                0x0000000008002086                HAL_SPI_TxHalfCpltCallback
 .text.SPI_DMAHalfTransmitCplt
                0x0000000008002088        0xa Drivers/STM32F1xx_HAL_Driver/Src/stm32f1xx_hal_spi.o
 .text.HAL_SPI_ErrorCallback
                0x0000000008002092        0x2 Drivers/STM32F1xx_HAL_Driver/Src/stm32f1xx_hal_spi.o
                0x0000000008002092                HAL_SPI_ErrorCallback
 .text.SPI_DMAError
                0x0000000008002094       0x22 Drivers/STM32F1xx_HAL_Driver/Src/stm32f1xx_hal_spi.o
 .text.SPI_DMATransmitCplt
                0x00000000080020b6       0x70 Drivers/STM32F1xx_HAL_Driver/Src/stm32f1xx_hal_spi.o
 .text.LL_GPIO_Init
                0x0000000008002126      0x104 Drivers/STM32F1xx_HAL_Driver/Src/stm32f1xx_ll_gpio.o
                0x0000000008002126                LL_GPIO_Init
 *fill*         0x000000000800222a        0x2 
 .text.LL_TIM_Init
                0x000000000800222c       0x8c Drivers/STM32F1xx_HAL_Driver/Src/stm32f1xx_ll_tim.o
                0x000000000800222c                LL_TIM_Init
 .text.LL_TIM_OC_Init
                0x00000000080022b8      0x1ac Drivers/STM32F1xx_HAL_Driver/Src/stm32f1xx_ll_tim.o
                0x00000000080022b8                LL_TIM_OC_Init
 .text.LL_TIM_BDTR_Init
                0x0000000008002464       0x34 Drivers/STM32F1xx_HAL_Driver/Src/stm32f1xx_ll_tim.o
                0x0000000008002464                LL_TIM_BDTR_Init
 .text.USB_CoreInit
                0x0000000008002498        0xe Drivers/STM32F1xx_HAL_Driver/Src/stm32f1xx_ll_usb.o
                0x0000000008002498                USB_CoreInit
 .text.USB_EnableGlobalInt
                0x00000000080024a6       0x12 Drivers/STM32F1xx_HAL_Driver/Src/stm32f1xx_ll_usb.o
                0x00000000080024a6                USB_EnableGlobalInt
 .text.USB_DisableGlobalInt
                0x00000000080024b8       0x14 Drivers/STM32F1xx_HAL_Driver/Src/stm32f1xx_ll_usb.o
                0x00000000080024b8                USB_DisableGlobalInt
 .text.USB_SetCurrentMode
                0x00000000080024cc        0x4 Drivers/STM32F1xx_HAL_Driver/Src/stm32f1xx_ll_usb.o
                0x00000000080024cc                USB_SetCurrentMode
 .text.USB_DevInit
                0x00000000080024d0       0x26 Drivers/STM32F1xx_HAL_Driver/Src/stm32f1xx_ll_usb.o
                0x00000000080024d0                USB_DevInit
 .text.USB_ActivateEndpoint
                0x00000000080024f6      0x2fa Drivers/STM32F1xx_HAL_Driver/Src/stm32f1xx_ll_usb.o
                0x00000000080024f6                USB_ActivateEndpoint
 .text.USB_DeactivateEndpoint
                0x00000000080027f0      0x1d4 Drivers/STM32F1xx_HAL_Driver/Src/stm32f1xx_ll_usb.o
                0x00000000080027f0                USB_DeactivateEndpoint
 .text.USB_EPSetStall
                0x00000000080029c4       0x4a Drivers/STM32F1xx_HAL_Driver/Src/stm32f1xx_ll_usb.o
                0x00000000080029c4                USB_EPSetStall
 .text.USB_EPClearStall
                0x0000000008002a0e       0xa2 Drivers/STM32F1xx_HAL_Driver/Src/stm32f1xx_ll_usb.o
                0x0000000008002a0e                USB_EPClearStall
 .text.USB_SetDevAddress
                0x0000000008002ab0        0xc Drivers/STM32F1xx_HAL_Driver/Src/stm32f1xx_ll_usb.o
                0x0000000008002ab0                USB_SetDevAddress
 .text.USB_DevConnect
                0x0000000008002abc        0x4 Drivers/STM32F1xx_HAL_Driver/Src/stm32f1xx_ll_usb.o
                0x0000000008002abc                USB_DevConnect
 .text.USB_DevDisconnect
                0x0000000008002ac0        0x4 Drivers/STM32F1xx_HAL_Driver/Src/stm32f1xx_ll_usb.o
                0x0000000008002ac0                USB_DevDisconnect
 .text.USB_ReadInterrupts
                0x0000000008002ac4        0x8 Drivers/STM32F1xx_HAL_Driver/Src/stm32f1xx_ll_usb.o
                0x0000000008002ac4                USB_ReadInterrupts
 .text.USB_EP0_OutStart
                0x0000000008002acc        0x4 Drivers/STM32F1xx_HAL_Driver/Src/stm32f1xx_ll_usb.o
                0x0000000008002acc                USB_EP0_OutStart
 .text.USB_WritePMA
                0x0000000008002ad0       0x32 Drivers/STM32F1xx_HAL_Driver/Src/stm32f1xx_ll_usb.o
                0x0000000008002ad0                USB_WritePMA
 .text.USB_EPStartXfer
                0x0000000008002b02      0x68a Drivers/STM32F1xx_HAL_Driver/Src/stm32f1xx_ll_usb.o
                0x0000000008002b02                USB_EPStartXfer
 .text.USB_ReadPMA
                0x000000000800318c       0x40 Drivers/STM32F1xx_HAL_Driver/Src/stm32f1xx_ll_usb.o
                0x000000000800318c                USB_ReadPMA
 .text.LL_SetSystemCoreClock
                0x00000000080031cc        0xc Drivers/STM32F1xx_HAL_Driver/Src/stm32f1xx_ll_utils.o
                0x00000000080031cc                LL_SetSystemCoreClock
 .text.USBD_CDC_EP0_RxReady
                0x00000000080031d8       0x2c Middlewares/ST/STM32_USB_Device_Library/Class/CDC/Src/usbd_cdc.o
 .text.USBD_CDC_GetFSCfgDesc
                0x0000000008003204        0xc Middlewares/ST/STM32_USB_Device_Library/Class/CDC/Src/usbd_cdc.o
 .text.USBD_CDC_GetHSCfgDesc
                0x0000000008003210        0xc Middlewares/ST/STM32_USB_Device_Library/Class/CDC/Src/usbd_cdc.o
 .text.USBD_CDC_GetOtherSpeedCfgDesc
                0x000000000800321c        0xc Middlewares/ST/STM32_USB_Device_Library/Class/CDC/Src/usbd_cdc.o
 .text.USBD_CDC_GetDeviceQualifierDescriptor
                0x0000000008003228        0xc Middlewares/ST/STM32_USB_Device_Library/Class/CDC/Src/usbd_cdc.o
                0x0000000008003228                USBD_CDC_GetDeviceQualifierDescriptor
 .text.USBD_CDC_DataOut
                0x0000000008003234       0x2e Middlewares/ST/STM32_USB_Device_Library/Class/CDC/Src/usbd_cdc.o
 .text.USBD_CDC_DataIn
                0x0000000008003262       0x50 Middlewares/ST/STM32_USB_Device_Library/Class/CDC/Src/usbd_cdc.o
 .text.USBD_CDC_Setup
                0x00000000080032b2       0xd6 Middlewares/ST/STM32_USB_Device_Library/Class/CDC/Src/usbd_cdc.o
 .text.USBD_CDC_DeInit
                0x0000000008003388       0x42 Middlewares/ST/STM32_USB_Device_Library/Class/CDC/Src/usbd_cdc.o
 .text.USBD_CDC_Init
                0x00000000080033ca       0xaa Middlewares/ST/STM32_USB_Device_Library/Class/CDC/Src/usbd_cdc.o
 .text.USBD_CDC_RegisterInterface
                0x0000000008003474        0xe Middlewares/ST/STM32_USB_Device_Library/Class/CDC/Src/usbd_cdc.o
                0x0000000008003474                USBD_CDC_RegisterInterface
 .text.USBD_CDC_SetTxBuffer
                0x0000000008003482       0x10 Middlewares/ST/STM32_USB_Device_Library/Class/CDC/Src/usbd_cdc.o
                0x0000000008003482                USBD_CDC_SetTxBuffer
 .text.USBD_CDC_SetRxBuffer
                0x0000000008003492        0xc Middlewares/ST/STM32_USB_Device_Library/Class/CDC/Src/usbd_cdc.o
                0x0000000008003492                USBD_CDC_SetRxBuffer
 .text.USBD_CDC_TransmitPacket
                0x000000000800349e       0x34 Middlewares/ST/STM32_USB_Device_Library/Class/CDC/Src/usbd_cdc.o
                0x000000000800349e                USBD_CDC_TransmitPacket
 .text.USBD_CDC_ReceivePacket
                0x00000000080034d2       0x32 Middlewares/ST/STM32_USB_Device_Library/Class/CDC/Src/usbd_cdc.o
                0x00000000080034d2                USBD_CDC_ReceivePacket
 .text.USBD_Init
                0x0000000008003504       0x2e Middlewares/ST/STM32_USB_Device_Library/Core/Src/usbd_core.o
                0x0000000008003504                USBD_Init
 .text.USBD_RegisterClass
                0x0000000008003532        0xe Middlewares/ST/STM32_USB_Device_Library/Core/Src/usbd_core.o
                0x0000000008003532                USBD_RegisterClass
 .text.USBD_Start
                0x0000000008003540        0xa Middlewares/ST/STM32_USB_Device_Library/Core/Src/usbd_core.o
                0x0000000008003540                USBD_Start
 .text.USBD_SetClassConfig
                0x000000000800354a       0x18 Middlewares/ST/STM32_USB_Device_Library/Core/Src/usbd_core.o
                0x000000000800354a                USBD_SetClassConfig
 .text.USBD_ClrClassConfig
                0x0000000008003562        0xe Middlewares/ST/STM32_USB_Device_Library/Core/Src/usbd_core.o
                0x0000000008003562                USBD_ClrClassConfig
 .text.USBD_LL_SetupStage
                0x0000000008003570       0x5a Middlewares/ST/STM32_USB_Device_Library/Core/Src/usbd_core.o
                0x0000000008003570                USBD_LL_SetupStage
 .text.USBD_LL_DataOutStage
                0x00000000080035ca       0x88 Middlewares/ST/STM32_USB_Device_Library/Core/Src/usbd_core.o
                0x00000000080035ca                USBD_LL_DataOutStage
 .text.USBD_LL_DataInStage
                0x0000000008003652       0xce Middlewares/ST/STM32_USB_Device_Library/Core/Src/usbd_core.o
                0x0000000008003652                USBD_LL_DataInStage
 .text.USBD_LL_Reset
                0x0000000008003720       0x50 Middlewares/ST/STM32_USB_Device_Library/Core/Src/usbd_core.o
                0x0000000008003720                USBD_LL_Reset
 .text.USBD_LL_SetSpeed
                0x0000000008003770        0x6 Middlewares/ST/STM32_USB_Device_Library/Core/Src/usbd_core.o
                0x0000000008003770                USBD_LL_SetSpeed
 .text.USBD_LL_Suspend
                0x0000000008003776       0x12 Middlewares/ST/STM32_USB_Device_Library/Core/Src/usbd_core.o
                0x0000000008003776                USBD_LL_Suspend
 .text.USBD_LL_Resume
                0x0000000008003788       0x14 Middlewares/ST/STM32_USB_Device_Library/Core/Src/usbd_core.o
                0x0000000008003788                USBD_LL_Resume
 .text.USBD_LL_SOF
                0x000000000800379c       0x1c Middlewares/ST/STM32_USB_Device_Library/Core/Src/usbd_core.o
                0x000000000800379c                USBD_LL_SOF
 .text.USBD_ParseSetupRequest
                0x00000000080037b8       0x28 Middlewares/ST/STM32_USB_Device_Library/Core/Src/usbd_ctlreq.o
                0x00000000080037b8                USBD_ParseSetupRequest
 .text.USBD_CtlError
                0x00000000080037e0       0x14 Middlewares/ST/STM32_USB_Device_Library/Core/Src/usbd_ctlreq.o
                0x00000000080037e0                USBD_CtlError
 .text.USBD_StdDevReq
                0x00000000080037f4      0x374 Middlewares/ST/STM32_USB_Device_Library/Core/Src/usbd_ctlreq.o
                0x00000000080037f4                USBD_StdDevReq
 .text.USBD_StdItfReq
                0x0000000008003b68       0x60 Middlewares/ST/STM32_USB_Device_Library/Core/Src/usbd_ctlreq.o
                0x0000000008003b68                USBD_StdItfReq
 .text.USBD_StdEPReq
                0x0000000008003bc8      0x1aa Middlewares/ST/STM32_USB_Device_Library/Core/Src/usbd_ctlreq.o
                0x0000000008003bc8                USBD_StdEPReq
 .text.USBD_GetString
                0x0000000008003d72       0x48 Middlewares/ST/STM32_USB_Device_Library/Core/Src/usbd_ctlreq.o
                0x0000000008003d72                USBD_GetString
 .text.USBD_CtlSendData
                0x0000000008003dba       0x1a Middlewares/ST/STM32_USB_Device_Library/Core/Src/usbd_ioreq.o
                0x0000000008003dba                USBD_CtlSendData
 .text.USBD_CtlContinueSendData
                0x0000000008003dd4       0x10 Middlewares/ST/STM32_USB_Device_Library/Core/Src/usbd_ioreq.o
                0x0000000008003dd4                USBD_CtlContinueSendData
 .text.USBD_CtlPrepareRx
                0x0000000008003de4       0x1e Middlewares/ST/STM32_USB_Device_Library/Core/Src/usbd_ioreq.o
                0x0000000008003de4                USBD_CtlPrepareRx
 .text.USBD_CtlContinueRx
                0x0000000008003e02       0x10 Middlewares/ST/STM32_USB_Device_Library/Core/Src/usbd_ioreq.o
                0x0000000008003e02                USBD_CtlContinueRx
 .text.USBD_CtlSendStatus
                0x0000000008003e12       0x16 Middlewares/ST/STM32_USB_Device_Library/Core/Src/usbd_ioreq.o
                0x0000000008003e12                USBD_CtlSendStatus
 .text.USBD_CtlReceiveStatus
                0x0000000008003e28       0x16 Middlewares/ST/STM32_USB_Device_Library/Core/Src/usbd_ioreq.o
                0x0000000008003e28                USBD_CtlReceiveStatus
 *fill*         0x0000000008003e3e        0x2 
 .text.MX_USB_DEVICE_Init
                0x0000000008003e40       0x54 USB_DEVICE/App/usb_device.o
                0x0000000008003e40                MX_USB_DEVICE_Init
 .text.CDC_DeInit_FS
                0x0000000008003e94        0x4 USB_DEVICE/App/usbd_cdc_if.o
 .text.CDC_Control_FS
                0x0000000008003e98        0x4 USB_DEVICE/App/usbd_cdc_if.o
 .text.CDC_Init_FS
                0x0000000008003e9c       0x28 USB_DEVICE/App/usbd_cdc_if.o
 .text.CDC_Transmit_FS
                0x0000000008003ec4       0x2c USB_DEVICE/App/usbd_cdc_if.o
                0x0000000008003ec4                CDC_Transmit_FS
 .text.CDC_Receive_FS
                0x0000000008003ef0       0x54 USB_DEVICE/App/usbd_cdc_if.o
 .text.USBD_FS_DeviceDescriptor
                0x0000000008003f44        0xc USB_DEVICE/App/usbd_desc.o
                0x0000000008003f44                USBD_FS_DeviceDescriptor
 .text.USBD_FS_LangIDStrDescriptor
                0x0000000008003f50        0xc USB_DEVICE/App/usbd_desc.o
                0x0000000008003f50                USBD_FS_LangIDStrDescriptor
 .text.IntToUnicode
                0x0000000008003f5c       0x30 USB_DEVICE/App/usbd_desc.o
 .text.USBD_FS_SerialStrDescriptor
                0x0000000008003f8c       0x40 USB_DEVICE/App/usbd_desc.o
                0x0000000008003f8c                USBD_FS_SerialStrDescriptor
 .text.USBD_FS_ProductStrDescriptor
                0x0000000008003fcc       0x18 USB_DEVICE/App/usbd_desc.o
                0x0000000008003fcc                USBD_FS_ProductStrDescriptor
 .text.USBD_FS_ManufacturerStrDescriptor
                0x0000000008003fe4       0x1c USB_DEVICE/App/usbd_desc.o
                0x0000000008003fe4                USBD_FS_ManufacturerStrDescriptor
 .text.USBD_FS_ConfigStrDescriptor
                0x0000000008004000       0x18 USB_DEVICE/App/usbd_desc.o
                0x0000000008004000                USBD_FS_ConfigStrDescriptor
 .text.USBD_FS_InterfaceStrDescriptor
                0x0000000008004018       0x18 USB_DEVICE/App/usbd_desc.o
                0x0000000008004018                USBD_FS_InterfaceStrDescriptor
 .text.USBD_Get_USB_Status
                0x0000000008004030        0xe USB_DEVICE/Target/usbd_conf.o
 *fill*         0x000000000800403e        0x2 
 .text.HAL_PCD_MspInit
                0x0000000008004040       0x40 USB_DEVICE/Target/usbd_conf.o
                0x0000000008004040                HAL_PCD_MspInit
 .text.HAL_PCD_SetupStageCallback
                0x0000000008004080       0x10 USB_DEVICE/Target/usbd_conf.o
                0x0000000008004080                HAL_PCD_SetupStageCallback
 .text.HAL_PCD_DataOutStageCallback
                0x0000000008004090       0x18 USB_DEVICE/Target/usbd_conf.o
                0x0000000008004090                HAL_PCD_DataOutStageCallback
 .text.HAL_PCD_DataInStageCallback
                0x00000000080040a8       0x16 USB_DEVICE/Target/usbd_conf.o
                0x00000000080040a8                HAL_PCD_DataInStageCallback
 .text.HAL_PCD_SOFCallback
                0x00000000080040be        0xc USB_DEVICE/Target/usbd_conf.o
                0x00000000080040be                HAL_PCD_SOFCallback
 .text.HAL_PCD_ResetCallback
                0x00000000080040ca       0x24 USB_DEVICE/Target/usbd_conf.o
                0x00000000080040ca                HAL_PCD_ResetCallback
 *fill*         0x00000000080040ee        0x2 
 .text.HAL_PCD_SuspendCallback
                0x00000000080040f0       0x20 USB_DEVICE/Target/usbd_conf.o
                0x00000000080040f0                HAL_PCD_SuspendCallback
 .text.HAL_PCD_ResumeCallback
                0x0000000008004110        0xc USB_DEVICE/Target/usbd_conf.o
                0x0000000008004110                HAL_PCD_ResumeCallback
 .text.USBD_LL_Init
                0x000000000800411c       0x84 USB_DEVICE/Target/usbd_conf.o
                0x000000000800411c                USBD_LL_Init
 .text.USBD_LL_Start
                0x00000000080041a0       0x10 USB_DEVICE/Target/usbd_conf.o
                0x00000000080041a0                USBD_LL_Start
 .text.USBD_LL_OpenEP
                0x00000000080041b0       0x16 USB_DEVICE/Target/usbd_conf.o
                0x00000000080041b0                USBD_LL_OpenEP
 .text.USBD_LL_CloseEP
                0x00000000080041c6       0x10 USB_DEVICE/Target/usbd_conf.o
                0x00000000080041c6                USBD_LL_CloseEP
 .text.USBD_LL_StallEP
                0x00000000080041d6       0x10 USB_DEVICE/Target/usbd_conf.o
                0x00000000080041d6                USBD_LL_StallEP
 .text.USBD_LL_ClearStallEP
                0x00000000080041e6       0x10 USB_DEVICE/Target/usbd_conf.o
                0x00000000080041e6                USBD_LL_ClearStallEP
 .text.USBD_LL_IsStallEP
                0x00000000080041f6       0x2e USB_DEVICE/Target/usbd_conf.o
                0x00000000080041f6                USBD_LL_IsStallEP
 .text.USBD_LL_SetUSBAddress
                0x0000000008004224       0x10 USB_DEVICE/Target/usbd_conf.o
                0x0000000008004224                USBD_LL_SetUSBAddress
 .text.USBD_LL_Transmit
                0x0000000008004234       0x10 USB_DEVICE/Target/usbd_conf.o
                0x0000000008004234                USBD_LL_Transmit
 .text.USBD_LL_PrepareReceive
                0x0000000008004244       0x10 USB_DEVICE/Target/usbd_conf.o
                0x0000000008004244                USBD_LL_PrepareReceive
 .text.USBD_LL_GetRxDataSize
                0x0000000008004254        0xc USB_DEVICE/Target/usbd_conf.o
                0x0000000008004254                USBD_LL_GetRxDataSize
 .text.USBD_static_malloc
                0x0000000008004260        0x8 USB_DEVICE/Target/usbd_conf.o
                0x0000000008004260                USBD_static_malloc
 .text.USBD_static_free
                0x0000000008004268        0x2 USB_DEVICE/Target/usbd_conf.o
                0x0000000008004268                USBD_static_free
 .text.HAL_PCDEx_SetConnectionState
                0x000000000800426a        0x2 USB_DEVICE/Target/usbd_conf.o
                0x000000000800426a                HAL_PCDEx_SetConnectionState
 .text.__libc_init_array
                0x000000000800426c       0x48 c:/st/stm32cubeide_1.6.0/stm32cubeide/plugins/com.st.stm32cube.ide.mcu.externaltools.gnu-tools-for-stm32.9-2020-q2-update.win32_1.5.0.202011040924/tools/bin/../lib/gcc/arm-none-eabi/9.3.1/../../../../arm-none-eabi/lib/thumb/v7-m/nofp\libc_nano.a(lib_a-init.o)
                0x000000000800426c                __libc_init_array
 .text.memcpy   0x00000000080042b4       0x1c c:/st/stm32cubeide_1.6.0/stm32cubeide/plugins/com.st.stm32cube.ide.mcu.externaltools.gnu-tools-for-stm32.9-2020-q2-update.win32_1.5.0.202011040924/tools/bin/../lib/gcc/arm-none-eabi/9.3.1/../../../../arm-none-eabi/lib/thumb/v7-m/nofp\libc_nano.a(lib_a-memcpy-stub.o)
                0x00000000080042b4                memcpy
 .text.memset   0x00000000080042d0       0x10 c:/st/stm32cubeide_1.6.0/stm32cubeide/plugins/com.st.stm32cube.ide.mcu.externaltools.gnu-tools-for-stm32.9-2020-q2-update.win32_1.5.0.202011040924/tools/bin/../lib/gcc/arm-none-eabi/9.3.1/../../../../arm-none-eabi/lib/thumb/v7-m/nofp\libc_nano.a(lib_a-memset.o)
                0x00000000080042d0                memset
 *(.glue_7)
 .glue_7        0x00000000080042e0        0x0 linker stubs
 *(.glue_7t)
 .glue_7t       0x00000000080042e0        0x0 linker stubs
 *(.eh_frame)
 .eh_frame      0x00000000080042e0        0x0 c:/st/stm32cubeide_1.6.0/stm32cubeide/plugins/com.st.stm32cube.ide.mcu.externaltools.gnu-tools-for-stm32.9-2020-q2-update.win32_1.5.0.202011040924/tools/bin/../lib/gcc/arm-none-eabi/9.3.1/thumb/v7-m/nofp/crtbegin.o
 *(.init)
 .init          0x00000000080042e0        0x4 c:/st/stm32cubeide_1.6.0/stm32cubeide/plugins/com.st.stm32cube.ide.mcu.externaltools.gnu-tools-for-stm32.9-2020-q2-update.win32_1.5.0.202011040924/tools/bin/../lib/gcc/arm-none-eabi/9.3.1/thumb/v7-m/nofp/crti.o
                0x00000000080042e0                _init
 .init          0x00000000080042e4        0x8 c:/st/stm32cubeide_1.6.0/stm32cubeide/plugins/com.st.stm32cube.ide.mcu.externaltools.gnu-tools-for-stm32.9-2020-q2-update.win32_1.5.0.202011040924/tools/bin/../lib/gcc/arm-none-eabi/9.3.1/thumb/v7-m/nofp/crtn.o
 *(.fini)
 .fini          0x00000000080042ec        0x4 c:/st/stm32cubeide_1.6.0/stm32cubeide/plugins/com.st.stm32cube.ide.mcu.externaltools.gnu-tools-for-stm32.9-2020-q2-update.win32_1.5.0.202011040924/tools/bin/../lib/gcc/arm-none-eabi/9.3.1/thumb/v7-m/nofp/crti.o
                0x00000000080042ec                _fini
 .fini          0x00000000080042f0        0x8 c:/st/stm32cubeide_1.6.0/stm32cubeide/plugins/com.st.stm32cube.ide.mcu.externaltools.gnu-tools-for-stm32.9-2020-q2-update.win32_1.5.0.202011040924/tools/bin/../lib/gcc/arm-none-eabi/9.3.1/thumb/v7-m/nofp/crtn.o
                0x00000000080042f8                . = ALIGN (0x4)
                0x00000000080042f8                _etext = .

.vfp11_veneer   0x00000000080042f8        0x0
 .vfp11_veneer  0x00000000080042f8        0x0 linker stubs

.v4_bx          0x00000000080042f8        0x0
 .v4_bx         0x00000000080042f8        0x0 linker stubs

.iplt           0x00000000080042f8        0x0
 .iplt          0x00000000080042f8        0x0 c:/st/stm32cubeide_1.6.0/stm32cubeide/plugins/com.st.stm32cube.ide.mcu.externaltools.gnu-tools-for-stm32.9-2020-q2-update.win32_1.5.0.202011040924/tools/bin/../lib/gcc/arm-none-eabi/9.3.1/thumb/v7-m/nofp/crtbegin.o

.rodata         0x00000000080042f8       0x48
                0x00000000080042f8                . = ALIGN (0x4)
 *(.rodata)
 *(.rodata*)
 .rodata.USBD_FS_ProductStrDescriptor.str1.4
                0x00000000080042f8       0x16 USB_DEVICE/App/usbd_desc.o
 *fill*         0x000000000800430e        0x2 
 .rodata.USBD_FS_ManufacturerStrDescriptor.str1.4
                0x0000000008004310       0x13 USB_DEVICE/App/usbd_desc.o
 *fill*         0x0000000008004323        0x1 
 .rodata.USBD_FS_ConfigStrDescriptor.str1.4
                0x0000000008004324        0xb USB_DEVICE/App/usbd_desc.o
 *fill*         0x000000000800432f        0x1 
 .rodata.USBD_FS_InterfaceStrDescriptor.str1.4
                0x0000000008004330        0xe USB_DEVICE/App/usbd_desc.o
                0x0000000008004340                . = ALIGN (0x4)
 *fill*         0x000000000800433e        0x2 

.rel.dyn        0x0000000008004340        0x0
 .rel.iplt      0x0000000008004340        0x0 c:/st/stm32cubeide_1.6.0/stm32cubeide/plugins/com.st.stm32cube.ide.mcu.externaltools.gnu-tools-for-stm32.9-2020-q2-update.win32_1.5.0.202011040924/tools/bin/../lib/gcc/arm-none-eabi/9.3.1/thumb/v7-m/nofp/crtbegin.o

.ARM.extab      0x0000000008004340        0x0
                0x0000000008004340                . = ALIGN (0x4)
 *(.ARM.extab* .gnu.linkonce.armextab.*)
                0x0000000008004340                . = ALIGN (0x4)

.ARM            0x0000000008004340        0x0
                0x0000000008004340                . = ALIGN (0x4)
                0x0000000008004340                __exidx_start = .
 *(.ARM.exidx*)
                0x0000000008004340                __exidx_end = .
                0x0000000008004340                . = ALIGN (0x4)

.preinit_array  0x0000000008004340        0x0
                0x0000000008004340                . = ALIGN (0x4)
                0x0000000008004340                PROVIDE (__preinit_array_start = .)
 *(.preinit_array*)
                0x0000000008004340                PROVIDE (__preinit_array_end = .)
                0x0000000008004340                . = ALIGN (0x4)

.init_array     0x0000000008004340        0x4
                0x0000000008004340                . = ALIGN (0x4)
                0x0000000008004340                PROVIDE (__init_array_start = .)
 *(SORT_BY_NAME(.init_array.*))
 *(.init_array*)
 .init_array    0x0000000008004340        0x4 c:/st/stm32cubeide_1.6.0/stm32cubeide/plugins/com.st.stm32cube.ide.mcu.externaltools.gnu-tools-for-stm32.9-2020-q2-update.win32_1.5.0.202011040924/tools/bin/../lib/gcc/arm-none-eabi/9.3.1/thumb/v7-m/nofp/crtbegin.o
                0x0000000008004344                PROVIDE (__init_array_end = .)
                0x0000000008004344                . = ALIGN (0x4)

.fini_array     0x0000000008004344        0x4
                0x0000000008004344                . = ALIGN (0x4)
                [!provide]                        PROVIDE (__fini_array_start = .)
 *(SORT_BY_NAME(.fini_array.*))
 *(.fini_array*)
 .fini_array    0x0000000008004344        0x4 c:/st/stm32cubeide_1.6.0/stm32cubeide/plugins/com.st.stm32cube.ide.mcu.externaltools.gnu-tools-for-stm32.9-2020-q2-update.win32_1.5.0.202011040924/tools/bin/../lib/gcc/arm-none-eabi/9.3.1/thumb/v7-m/nofp/crtbegin.o
                [!provide]                        PROVIDE (__fini_array_end = .)
                0x0000000008004348                . = ALIGN (0x4)
                0x0000000008004348                _sidata = LOADADDR (.data)

.data           0x0000000020000000      0x584 load address 0x0000000008004348
                0x0000000020000000                . = ALIGN (0x4)
                0x0000000020000000                _sdata = .
 *(.data)
 *(.data*)
 .data.SystemCoreClock
                0x0000000020000000        0x4 Core/Src/system_stm32f1xx.o
                0x0000000020000000                SystemCoreClock
 .data.grid_next.9721
                0x0000000020000004        0x1 Core/Src/user.o
 *fill*         0x0000000020000005        0x1 
 .data.mask1    0x0000000020000006        0x2 Core/Src/user.o
                0x0000000020000006                mask1
 .data.mask2    0x0000000020000008        0x2 Core/Src/user.o
                0x0000000020000008                mask2
 *fill*         0x000000002000000a        0x2 
 .data.rx_data  0x000000002000000c      0x400 Core/Src/user.o
                0x000000002000000c                rx_data
 .data.uwTickFreq
                0x000000002000040c        0x1 Drivers/STM32F1xx_HAL_Driver/Src/stm32f1xx_hal.o
                0x000000002000040c                uwTickFreq
 *fill*         0x000000002000040d        0x3 
 .data.uwTickPrio
                0x0000000020000410        0x4 Drivers/STM32F1xx_HAL_Driver/Src/stm32f1xx_hal.o
                0x0000000020000410                uwTickPrio
 .data.USBD_CDC
                0x0000000020000414       0x38 Middlewares/ST/STM32_USB_Device_Library/Class/CDC/Src/usbd_cdc.o
                0x0000000020000414                USBD_CDC
 .data.USBD_CDC_CfgFSDesc
                0x000000002000044c       0x43 Middlewares/ST/STM32_USB_Device_Library/Class/CDC/Src/usbd_cdc.o
                0x000000002000044c                USBD_CDC_CfgFSDesc
 *fill*         0x000000002000048f        0x1 
 .data.USBD_CDC_CfgHSDesc
                0x0000000020000490       0x43 Middlewares/ST/STM32_USB_Device_Library/Class/CDC/Src/usbd_cdc.o
                0x0000000020000490                USBD_CDC_CfgHSDesc
 *fill*         0x00000000200004d3        0x1 
 .data.USBD_CDC_DeviceQualifierDesc
                0x00000000200004d4        0xa Middlewares/ST/STM32_USB_Device_Library/Class/CDC/Src/usbd_cdc.o
 *fill*         0x00000000200004de        0x2 
 .data.USBD_CDC_OtherSpeedCfgDesc
                0x00000000200004e0       0x43 Middlewares/ST/STM32_USB_Device_Library/Class/CDC/Src/usbd_cdc.o
                0x00000000200004e0                USBD_CDC_OtherSpeedCfgDesc
 *fill*         0x0000000020000523        0x1 
 .data.USBD_Interface_fops_FS
                0x0000000020000524       0x10 USB_DEVICE/App/usbd_cdc_if.o
                0x0000000020000524                USBD_Interface_fops_FS
 .data.FS_Desc  0x0000000020000534       0x1c USB_DEVICE/App/usbd_desc.o
                0x0000000020000534                FS_Desc
 .data.USBD_FS_DeviceDesc
                0x0000000020000550       0x12 USB_DEVICE/App/usbd_desc.o
                0x0000000020000550                USBD_FS_DeviceDesc
 *fill*         0x0000000020000562        0x2 
 .data.USBD_LangIDDesc
                0x0000000020000564        0x4 USB_DEVICE/App/usbd_desc.o
                0x0000000020000564                USBD_LangIDDesc
 .data.USBD_StringSerial
                0x0000000020000568       0x1a USB_DEVICE/App/usbd_desc.o
                0x0000000020000568                USBD_StringSerial
 *(.RamFunc)
 *(.RamFunc*)
                0x0000000020000584                . = ALIGN (0x4)
 *fill*         0x0000000020000582        0x2 
                0x0000000020000584                _edata = .

.igot.plt       0x0000000020000584        0x0 load address 0x00000000080048cc
 .igot.plt      0x0000000020000584        0x0 c:/st/stm32cubeide_1.6.0/stm32cubeide/plugins/com.st.stm32cube.ide.mcu.externaltools.gnu-tools-for-stm32.9-2020-q2-update.win32_1.5.0.202011040924/tools/bin/../lib/gcc/arm-none-eabi/9.3.1/thumb/v7-m/nofp/crtbegin.o
                0x0000000020000584                . = ALIGN (0x4)

.bss            0x0000000020000584     0x2374 load address 0x00000000080048cc
                0x0000000020000584                _sbss = .
                0x0000000020000584                __bss_start__ = _sbss
 *(.bss)
 .bss           0x0000000020000584       0x1c c:/st/stm32cubeide_1.6.0/stm32cubeide/plugins/com.st.stm32cube.ide.mcu.externaltools.gnu-tools-for-stm32.9-2020-q2-update.win32_1.5.0.202011040924/tools/bin/../lib/gcc/arm-none-eabi/9.3.1/thumb/v7-m/nofp/crtbegin.o
 *(.bss*)
 .bss.anode_buf
                0x00000000200005a0      0x420 Core/Src/user.o
                0x00000000200005a0                anode_buf
 .bss.anode_data
                0x00000000200009c0      0x420 Core/Src/user.o
                0x00000000200009c0                anode_data
 .bss.grid_buf  0x0000000020000de0        0x6 Core/Src/user.o
                0x0000000020000de0                grid_buf
 .bss.grid_now.9720
                0x0000000020000de6        0x1 Core/Src/user.o
 *fill*         0x0000000020000de7        0x1 
 .bss.tx_data   0x0000000020000de8       0x30 Core/Src/user.o
                0x0000000020000de8                tx_data
 .bss.cfgidx.9738
                0x0000000020000e18        0x1 Middlewares/ST/STM32_USB_Device_Library/Core/Src/usbd_ctlreq.o
 *fill*         0x0000000020000e19        0x1 
 .bss.CDC_RxBufferLen
                0x0000000020000e1a        0x2 USB_DEVICE/App/usbd_cdc_if.o
                0x0000000020000e1a                CDC_RxBufferLen
 .bss.mem.9808  0x0000000020000e1c      0x220 USB_DEVICE/Target/usbd_conf.o
 *(COMMON)
 COMMON         0x000000002000103c      0x138 Core/Src/main.o
                0x000000002000103c                hspi2
                0x0000000020001094                hspi1
                0x00000000200010ec                hdma_spi2_tx
                0x0000000020001130                hdma_spi1_tx
 COMMON         0x0000000020001174        0x4 Drivers/STM32F1xx_HAL_Driver/Src/stm32f1xx_hal.o
                0x0000000020001174                uwTick
 COMMON         0x0000000020001178      0x2c4 USB_DEVICE/App/usb_device.o
                0x0000000020001178                hUsbDeviceFS
 COMMON         0x000000002000143c      0xfd0 USB_DEVICE/App/usbd_cdc_if.o
                0x000000002000143c                UserRxBufferFS
                0x0000000020001824                UserTxBufferFS
                0x0000000020001c0c                CDC_RxBuffer
 COMMON         0x000000002000240c      0x200 USB_DEVICE/App/usbd_desc.o
                0x000000002000240c                USBD_StrDesc
 COMMON         0x000000002000260c      0x2ec USB_DEVICE/Target/usbd_conf.o
                0x000000002000260c                hpcd_USB_FS
                0x00000000200028f8                . = ALIGN (0x4)
                0x00000000200028f8                _ebss = .
                0x00000000200028f8                __bss_end__ = _ebss

._user_heap_stack
                0x00000000200028f8      0x600 load address 0x00000000080048cc
                0x00000000200028f8                . = ALIGN (0x8)
                [!provide]                        PROVIDE (end = .)
                0x00000000200028f8                PROVIDE (_end = .)
                0x0000000020002af8                . = (. + _Min_Heap_Size)
 *fill*         0x00000000200028f8      0x200 
                0x0000000020002ef8                . = (. + _Min_Stack_Size)
 *fill*         0x0000000020002af8      0x400 
                0x0000000020002ef8                . = ALIGN (0x8)

/DISCARD/
 libc.a(*)
 libm.a(*)
 libgcc.a(*)

.ARM.attributes
                0x0000000000000000       0x29
 *(.ARM.attributes)
 .ARM.attributes
                0x0000000000000000       0x1d c:/st/stm32cubeide_1.6.0/stm32cubeide/plugins/com.st.stm32cube.ide.mcu.externaltools.gnu-tools-for-stm32.9-2020-q2-update.win32_1.5.0.202011040924/tools/bin/../lib/gcc/arm-none-eabi/9.3.1/thumb/v7-m/nofp/crti.o
 .ARM.attributes
                0x000000000000001d       0x2d c:/st/stm32cubeide_1.6.0/stm32cubeide/plugins/com.st.stm32cube.ide.mcu.externaltools.gnu-tools-for-stm32.9-2020-q2-update.win32_1.5.0.202011040924/tools/bin/../lib/gcc/arm-none-eabi/9.3.1/thumb/v7-m/nofp/crtbegin.o
 .ARM.attributes
                0x000000000000004a       0x2d Core/Src/main.o
 .ARM.attributes
                0x0000000000000077       0x2d Core/Src/stm32f1xx_hal_msp.o
 .ARM.attributes
                0x00000000000000a4       0x2d Core/Src/stm32f1xx_it.o
 .ARM.attributes
                0x00000000000000d1       0x2d Core/Src/system_stm32f1xx.o
 .ARM.attributes
                0x00000000000000fe       0x2d Core/Src/user.o
 .ARM.attributes
                0x000000000000012b       0x21 Core/Startup/startup_stm32f103c8tx.o
 .ARM.attributes
                0x000000000000014c       0x2d Drivers/STM32F1xx_HAL_Driver/Src/stm32f1xx_hal.o
 .ARM.attributes
                0x0000000000000179       0x2d Drivers/STM32F1xx_HAL_Driver/Src/stm32f1xx_hal_cortex.o
 .ARM.attributes
                0x00000000000001a6       0x2d Drivers/STM32F1xx_HAL_Driver/Src/stm32f1xx_hal_dma.o
 .ARM.attributes
                0x00000000000001d3       0x2d Drivers/STM32F1xx_HAL_Driver/Src/stm32f1xx_hal_gpio.o
 .ARM.attributes
                0x0000000000000200       0x2d Drivers/STM32F1xx_HAL_Driver/Src/stm32f1xx_hal_pcd.o
 .ARM.attributes
                0x000000000000022d       0x2d Drivers/STM32F1xx_HAL_Driver/Src/stm32f1xx_hal_pcd_ex.o
 .ARM.attributes
                0x000000000000025a       0x2d Drivers/STM32F1xx_HAL_Driver/Src/stm32f1xx_hal_spi.o
 .ARM.attributes
                0x0000000000000287       0x2d Drivers/STM32F1xx_HAL_Driver/Src/stm32f1xx_ll_gpio.o
 .ARM.attributes
                0x00000000000002b4       0x2d Drivers/STM32F1xx_HAL_Driver/Src/stm32f1xx_ll_tim.o
 .ARM.attributes
                0x00000000000002e1       0x2d Drivers/STM32F1xx_HAL_Driver/Src/stm32f1xx_ll_usb.o
 .ARM.attributes
                0x000000000000030e       0x2d Drivers/STM32F1xx_HAL_Driver/Src/stm32f1xx_ll_utils.o
 .ARM.attributes
                0x000000000000033b       0x2d Middlewares/ST/STM32_USB_Device_Library/Class/CDC/Src/usbd_cdc.o
 .ARM.attributes
                0x0000000000000368       0x2d Middlewares/ST/STM32_USB_Device_Library/Core/Src/usbd_core.o
 .ARM.attributes
                0x0000000000000395       0x2d Middlewares/ST/STM32_USB_Device_Library/Core/Src/usbd_ctlreq.o
 .ARM.attributes
                0x00000000000003c2       0x2d Middlewares/ST/STM32_USB_Device_Library/Core/Src/usbd_ioreq.o
 .ARM.attributes
                0x00000000000003ef       0x2d USB_DEVICE/App/usb_device.o
 .ARM.attributes
                0x000000000000041c       0x2d USB_DEVICE/App/usbd_cdc_if.o
 .ARM.attributes
                0x0000000000000449       0x2d USB_DEVICE/App/usbd_desc.o
 .ARM.attributes
                0x0000000000000476       0x2d USB_DEVICE/Target/usbd_conf.o
 .ARM.attributes
                0x00000000000004a3       0x2d c:/st/stm32cubeide_1.6.0/stm32cubeide/plugins/com.st.stm32cube.ide.mcu.externaltools.gnu-tools-for-stm32.9-2020-q2-update.win32_1.5.0.202011040924/tools/bin/../lib/gcc/arm-none-eabi/9.3.1/../../../../arm-none-eabi/lib/thumb/v7-m/nofp\libc_nano.a(lib_a-init.o)
 .ARM.attributes
                0x00000000000004d0       0x2d c:/st/stm32cubeide_1.6.0/stm32cubeide/plugins/com.st.stm32cube.ide.mcu.externaltools.gnu-tools-for-stm32.9-2020-q2-update.win32_1.5.0.202011040924/tools/bin/../lib/gcc/arm-none-eabi/9.3.1/../../../../arm-none-eabi/lib/thumb/v7-m/nofp\libc_nano.a(lib_a-memcpy-stub.o)
 .ARM.attributes
                0x00000000000004fd       0x2d c:/st/stm32cubeide_1.6.0/stm32cubeide/plugins/com.st.stm32cube.ide.mcu.externaltools.gnu-tools-for-stm32.9-2020-q2-update.win32_1.5.0.202011040924/tools/bin/../lib/gcc/arm-none-eabi/9.3.1/../../../../arm-none-eabi/lib/thumb/v7-m/nofp\libc_nano.a(lib_a-memset.o)
 .ARM.attributes
                0x000000000000052a       0x1d c:/st/stm32cubeide_1.6.0/stm32cubeide/plugins/com.st.stm32cube.ide.mcu.externaltools.gnu-tools-for-stm32.9-2020-q2-update.win32_1.5.0.202011040924/tools/bin/../lib/gcc/arm-none-eabi/9.3.1/thumb/v7-m/nofp/crtn.o
OUTPUT(test1.elf elf32-littlearm)
LOAD linker stubs
LOAD c:/st/stm32cubeide_1.6.0/stm32cubeide/plugins/com.st.stm32cube.ide.mcu.externaltools.gnu-tools-for-stm32.9-2020-q2-update.win32_1.5.0.202011040924/tools/bin/../lib/gcc/arm-none-eabi/9.3.1/../../../../arm-none-eabi/lib/thumb/v7-m/nofp\libc.a
LOAD c:/st/stm32cubeide_1.6.0/stm32cubeide/plugins/com.st.stm32cube.ide.mcu.externaltools.gnu-tools-for-stm32.9-2020-q2-update.win32_1.5.0.202011040924/tools/bin/../lib/gcc/arm-none-eabi/9.3.1/../../../../arm-none-eabi/lib/thumb/v7-m/nofp\libm.a
LOAD c:/st/stm32cubeide_1.6.0/stm32cubeide/plugins/com.st.stm32cube.ide.mcu.externaltools.gnu-tools-for-stm32.9-2020-q2-update.win32_1.5.0.202011040924/tools/bin/../lib/gcc/arm-none-eabi/9.3.1/thumb/v7-m/nofp\libgcc.a

.debug_info     0x0000000000000000    0x1cd3d
 .debug_info    0x0000000000000000     0x2634 Core/Src/main.o
 .debug_info    0x0000000000002634      0xb25 Core/Src/stm32f1xx_hal_msp.o
 .debug_info    0x0000000000003159      0xec5 Core/Src/stm32f1xx_it.o
 .debug_info    0x000000000000401e      0x2cd Core/Src/system_stm32f1xx.o
 .debug_info    0x00000000000042eb     0x1be5 Core/Src/user.o
 .debug_info    0x0000000000005ed0       0x22 Core/Startup/startup_stm32f103c8tx.o
 .debug_info    0x0000000000005ef2      0x835 Drivers/STM32F1xx_HAL_Driver/Src/stm32f1xx_hal.o
 .debug_info    0x0000000000006727      0xe46 Drivers/STM32F1xx_HAL_Driver/Src/stm32f1xx_hal_cortex.o
 .debug_info    0x000000000000756d      0x981 Drivers/STM32F1xx_HAL_Driver/Src/stm32f1xx_hal_dma.o
 .debug_info    0x0000000000007eee      0x761 Drivers/STM32F1xx_HAL_Driver/Src/stm32f1xx_hal_gpio.o
 .debug_info    0x000000000000864f     0x1b5f Drivers/STM32F1xx_HAL_Driver/Src/stm32f1xx_hal_pcd.o
 .debug_info    0x000000000000a1ae      0x80d Drivers/STM32F1xx_HAL_Driver/Src/stm32f1xx_hal_pcd_ex.o
 .debug_info    0x000000000000a9bb     0x1e33 Drivers/STM32F1xx_HAL_Driver/Src/stm32f1xx_hal_spi.o
 .debug_info    0x000000000000c7ee      0x989 Drivers/STM32F1xx_HAL_Driver/Src/stm32f1xx_ll_gpio.o
 .debug_info    0x000000000000d177     0x1398 Drivers/STM32F1xx_HAL_Driver/Src/stm32f1xx_ll_tim.o
 .debug_info    0x000000000000e50f     0x1bfc Drivers/STM32F1xx_HAL_Driver/Src/stm32f1xx_ll_usb.o
 .debug_info    0x000000000001010b      0xbb6 Drivers/STM32F1xx_HAL_Driver/Src/stm32f1xx_ll_utils.o
 .debug_info    0x0000000000010cc1     0x1daf Middlewares/ST/STM32_USB_Device_Library/Class/CDC/Src/usbd_cdc.o
 .debug_info    0x0000000000012a70     0x1783 Middlewares/ST/STM32_USB_Device_Library/Core/Src/usbd_core.o
 .debug_info    0x00000000000141f3     0x1b43 Middlewares/ST/STM32_USB_Device_Library/Core/Src/usbd_ctlreq.o
 .debug_info    0x0000000000015d36     0x11f8 Middlewares/ST/STM32_USB_Device_Library/Core/Src/usbd_ioreq.o
 .debug_info    0x0000000000016f2e     0x10be USB_DEVICE/App/usb_device.o
 .debug_info    0x0000000000017fec     0x180a USB_DEVICE/App/usbd_cdc_if.o
 .debug_info    0x00000000000197f6      0xfb8 USB_DEVICE/App/usbd_desc.o
 .debug_info    0x000000000001a7ae     0x258f USB_DEVICE/Target/usbd_conf.o

.debug_abbrev   0x0000000000000000     0x4241
 .debug_abbrev  0x0000000000000000      0x444 Core/Src/main.o
 .debug_abbrev  0x0000000000000444      0x204 Core/Src/stm32f1xx_hal_msp.o
 .debug_abbrev  0x0000000000000648      0x233 Core/Src/stm32f1xx_it.o
 .debug_abbrev  0x000000000000087b      0x154 Core/Src/system_stm32f1xx.o
 .debug_abbrev  0x00000000000009cf      0x3b4 Core/Src/user.o
 .debug_abbrev  0x0000000000000d83       0x12 Core/Startup/startup_stm32f103c8tx.o
 .debug_abbrev  0x0000000000000d95      0x21c Drivers/STM32F1xx_HAL_Driver/Src/stm32f1xx_hal.o
 .debug_abbrev  0x0000000000000fb1      0x351 Drivers/STM32F1xx_HAL_Driver/Src/stm32f1xx_hal_cortex.o
 .debug_abbrev  0x0000000000001302      0x282 Drivers/STM32F1xx_HAL_Driver/Src/stm32f1xx_hal_dma.o
 .debug_abbrev  0x0000000000001584      0x214 Drivers/STM32F1xx_HAL_Driver/Src/stm32f1xx_hal_gpio.o
 .debug_abbrev  0x0000000000001798      0x34e Drivers/STM32F1xx_HAL_Driver/Src/stm32f1xx_hal_pcd.o
 .debug_abbrev  0x0000000000001ae6      0x1c3 Drivers/STM32F1xx_HAL_Driver/Src/stm32f1xx_hal_pcd_ex.o
 .debug_abbrev  0x0000000000001ca9      0x26a Drivers/STM32F1xx_HAL_Driver/Src/stm32f1xx_hal_spi.o
 .debug_abbrev  0x0000000000001f13      0x293 Drivers/STM32F1xx_HAL_Driver/Src/stm32f1xx_ll_gpio.o
 .debug_abbrev  0x00000000000021a6      0x2ea Drivers/STM32F1xx_HAL_Driver/Src/stm32f1xx_ll_tim.o
 .debug_abbrev  0x0000000000002490      0x254 Drivers/STM32F1xx_HAL_Driver/Src/stm32f1xx_ll_usb.o
 .debug_abbrev  0x00000000000026e4      0x344 Drivers/STM32F1xx_HAL_Driver/Src/stm32f1xx_ll_utils.o
 .debug_abbrev  0x0000000000002a28      0x364 Middlewares/ST/STM32_USB_Device_Library/Class/CDC/Src/usbd_cdc.o
 .debug_abbrev  0x0000000000002d8c      0x2fe Middlewares/ST/STM32_USB_Device_Library/Core/Src/usbd_core.o
 .debug_abbrev  0x000000000000308a      0x3c4 Middlewares/ST/STM32_USB_Device_Library/Core/Src/usbd_ctlreq.o
 .debug_abbrev  0x000000000000344e      0x22f Middlewares/ST/STM32_USB_Device_Library/Core/Src/usbd_ioreq.o
 .debug_abbrev  0x000000000000367d      0x22e USB_DEVICE/App/usb_device.o
 .debug_abbrev  0x00000000000038ab      0x316 USB_DEVICE/App/usbd_cdc_if.o
 .debug_abbrev  0x0000000000003bc1      0x324 USB_DEVICE/App/usbd_desc.o
 .debug_abbrev  0x0000000000003ee5      0x35c USB_DEVICE/Target/usbd_conf.o

.debug_loc      0x0000000000000000     0xcc88
 .debug_loc     0x0000000000000000      0x3c7 Core/Src/main.o
 .debug_loc     0x00000000000003c7       0xc1 Core/Src/stm32f1xx_hal_msp.o
 .debug_loc     0x0000000000000488       0x34 Core/Src/stm32f1xx_it.o
 .debug_loc     0x00000000000004bc      0x103 Core/Src/system_stm32f1xx.o
 .debug_loc     0x00000000000005bf      0x567 Core/Src/user.o
 .debug_loc     0x0000000000000b26      0x141 Drivers/STM32F1xx_HAL_Driver/Src/stm32f1xx_hal.o
 .debug_loc     0x0000000000000c67      0x60b Drivers/STM32F1xx_HAL_Driver/Src/stm32f1xx_hal_cortex.o
 .debug_loc     0x0000000000001272      0x9c2 Drivers/STM32F1xx_HAL_Driver/Src/stm32f1xx_hal_dma.o
 .debug_loc     0x0000000000001c34      0x3e2 Drivers/STM32F1xx_HAL_Driver/Src/stm32f1xx_hal_gpio.o
 .debug_loc     0x0000000000002016     0x13fb Drivers/STM32F1xx_HAL_Driver/Src/stm32f1xx_hal_pcd.o
 .debug_loc     0x0000000000003411      0x11a Drivers/STM32F1xx_HAL_Driver/Src/stm32f1xx_hal_pcd_ex.o
 .debug_loc     0x000000000000352b     0x1d08 Drivers/STM32F1xx_HAL_Driver/Src/stm32f1xx_hal_spi.o
 .debug_loc     0x0000000000005233      0x495 Drivers/STM32F1xx_HAL_Driver/Src/stm32f1xx_ll_gpio.o
 .debug_loc     0x00000000000056c8     0x1391 Drivers/STM32F1xx_HAL_Driver/Src/stm32f1xx_ll_tim.o
 .debug_loc     0x0000000000006a59     0x1f45 Drivers/STM32F1xx_HAL_Driver/Src/stm32f1xx_ll_usb.o
 .debug_loc     0x000000000000899e      0x6d2 Drivers/STM32F1xx_HAL_Driver/Src/stm32f1xx_ll_utils.o
 .debug_loc     0x0000000000009070      0x92b Middlewares/ST/STM32_USB_Device_Library/Class/CDC/Src/usbd_cdc.o
 .debug_loc     0x000000000000999b      0x95d Middlewares/ST/STM32_USB_Device_Library/Core/Src/usbd_core.o
 .debug_loc     0x000000000000a2f8     0x176e Middlewares/ST/STM32_USB_Device_Library/Core/Src/usbd_ctlreq.o
 .debug_loc     0x000000000000ba66      0x284 Middlewares/ST/STM32_USB_Device_Library/Core/Src/usbd_ioreq.o
 .debug_loc     0x000000000000bcea      0x151 USB_DEVICE/App/usbd_cdc_if.o
 .debug_loc     0x000000000000be3b      0x344 USB_DEVICE/App/usbd_desc.o
 .debug_loc     0x000000000000c17f      0xb09 USB_DEVICE/Target/usbd_conf.o

.debug_aranges  0x0000000000000000      0xc78
 .debug_aranges
                0x0000000000000000       0x30 Core/Src/main.o
 .debug_aranges
                0x0000000000000030       0x30 Core/Src/stm32f1xx_hal_msp.o
 .debug_aranges
                0x0000000000000060       0x80 Core/Src/stm32f1xx_it.o
 .debug_aranges
                0x00000000000000e0       0x28 Core/Src/system_stm32f1xx.o
 .debug_aranges
                0x0000000000000108       0x40 Core/Src/user.o
 .debug_aranges
                0x0000000000000148       0x28 Core/Startup/startup_stm32f103c8tx.o
 .debug_aranges
                0x0000000000000170       0xe0 Drivers/STM32F1xx_HAL_Driver/Src/stm32f1xx_hal.o
 .debug_aranges
                0x0000000000000250       0x90 Drivers/STM32F1xx_HAL_Driver/Src/stm32f1xx_hal_cortex.o
 .debug_aranges
                0x00000000000002e0       0x78 Drivers/STM32F1xx_HAL_Driver/Src/stm32f1xx_hal_dma.o
 .debug_aranges
                0x0000000000000358       0x58 Drivers/STM32F1xx_HAL_Driver/Src/stm32f1xx_hal_gpio.o
 .debug_aranges
                0x00000000000003b0      0x120 Drivers/STM32F1xx_HAL_Driver/Src/stm32f1xx_hal_pcd.o
 .debug_aranges
                0x00000000000004d0       0x38 Drivers/STM32F1xx_HAL_Driver/Src/stm32f1xx_hal_pcd_ex.o
 .debug_aranges
                0x0000000000000508      0x1d0 Drivers/STM32F1xx_HAL_Driver/Src/stm32f1xx_hal_spi.o
 .debug_aranges
                0x00000000000006d8       0x30 Drivers/STM32F1xx_HAL_Driver/Src/stm32f1xx_ll_gpio.o
 .debug_aranges
                0x0000000000000708       0x80 Drivers/STM32F1xx_HAL_Driver/Src/stm32f1xx_ll_tim.o
 .debug_aranges
                0x0000000000000788       0xf0 Drivers/STM32F1xx_HAL_Driver/Src/stm32f1xx_ll_usb.o
 .debug_aranges
                0x0000000000000878       0x50 Drivers/STM32F1xx_HAL_Driver/Src/stm32f1xx_ll_utils.o
 .debug_aranges
                0x00000000000008c8       0x90 Middlewares/ST/STM32_USB_Device_Library/Class/CDC/Src/usbd_cdc.o
 .debug_aranges
                0x0000000000000958       0xb8 Middlewares/ST/STM32_USB_Device_Library/Core/Src/usbd_core.o
 .debug_aranges
                0x0000000000000a10       0x48 Middlewares/ST/STM32_USB_Device_Library/Core/Src/usbd_ctlreq.o
 .debug_aranges
                0x0000000000000a58       0x50 Middlewares/ST/STM32_USB_Device_Library/Core/Src/usbd_ioreq.o
 .debug_aranges
                0x0000000000000aa8       0x20 USB_DEVICE/App/usb_device.o
 .debug_aranges
                0x0000000000000ac8       0x40 USB_DEVICE/App/usbd_cdc_if.o
 .debug_aranges
                0x0000000000000b08       0x58 USB_DEVICE/App/usbd_desc.o
 .debug_aranges
                0x0000000000000b60      0x118 USB_DEVICE/Target/usbd_conf.o

.debug_ranges   0x0000000000000000     0x12b0
 .debug_ranges  0x0000000000000000       0xd8 Core/Src/main.o
 .debug_ranges  0x00000000000000d8       0x20 Core/Src/stm32f1xx_hal_msp.o
 .debug_ranges  0x00000000000000f8       0x70 Core/Src/stm32f1xx_it.o
 .debug_ranges  0x0000000000000168       0x18 Core/Src/system_stm32f1xx.o
 .debug_ranges  0x0000000000000180      0x108 Core/Src/user.o
 .debug_ranges  0x0000000000000288       0x20 Core/Startup/startup_stm32f103c8tx.o
 .debug_ranges  0x00000000000002a8       0xd0 Drivers/STM32F1xx_HAL_Driver/Src/stm32f1xx_hal.o
 .debug_ranges  0x0000000000000378       0xb0 Drivers/STM32F1xx_HAL_Driver/Src/stm32f1xx_hal_cortex.o
 .debug_ranges  0x0000000000000428       0x98 Drivers/STM32F1xx_HAL_Driver/Src/stm32f1xx_hal_dma.o
 .debug_ranges  0x00000000000004c0       0x60 Drivers/STM32F1xx_HAL_Driver/Src/stm32f1xx_hal_gpio.o
 .debug_ranges  0x0000000000000520      0x298 Drivers/STM32F1xx_HAL_Driver/Src/stm32f1xx_hal_pcd.o
 .debug_ranges  0x00000000000007b8       0x28 Drivers/STM32F1xx_HAL_Driver/Src/stm32f1xx_hal_pcd_ex.o
 .debug_ranges  0x00000000000007e0      0x1c0 Drivers/STM32F1xx_HAL_Driver/Src/stm32f1xx_hal_spi.o
 .debug_ranges  0x00000000000009a0       0xe0 Drivers/STM32F1xx_HAL_Driver/Src/stm32f1xx_ll_gpio.o
 .debug_ranges  0x0000000000000a80      0x170 Drivers/STM32F1xx_HAL_Driver/Src/stm32f1xx_ll_tim.o
 .debug_ranges  0x0000000000000bf0      0x2f0 Drivers/STM32F1xx_HAL_Driver/Src/stm32f1xx_ll_usb.o
 .debug_ranges  0x0000000000000ee0       0x88 Drivers/STM32F1xx_HAL_Driver/Src/stm32f1xx_ll_utils.o
 .debug_ranges  0x0000000000000f68       0x80 Middlewares/ST/STM32_USB_Device_Library/Class/CDC/Src/usbd_cdc.o
 .debug_ranges  0x0000000000000fe8       0xa8 Middlewares/ST/STM32_USB_Device_Library/Core/Src/usbd_core.o
 .debug_ranges  0x0000000000001090       0x38 Middlewares/ST/STM32_USB_Device_Library/Core/Src/usbd_ctlreq.o
 .debug_ranges  0x00000000000010c8       0x40 Middlewares/ST/STM32_USB_Device_Library/Core/Src/usbd_ioreq.o
 .debug_ranges  0x0000000000001108       0x10 USB_DEVICE/App/usb_device.o
 .debug_ranges  0x0000000000001118       0x30 USB_DEVICE/App/usbd_cdc_if.o
 .debug_ranges  0x0000000000001148       0x60 USB_DEVICE/App/usbd_desc.o
 .debug_ranges  0x00000000000011a8      0x108 USB_DEVICE/Target/usbd_conf.o

.debug_macro    0x0000000000000000    0x1bf19
 .debug_macro   0x0000000000000000      0x40b Core/Src/main.o
 .debug_macro   0x000000000000040b      0xaa2 Core/Src/main.o
 .debug_macro   0x0000000000000ead      0x21b Core/Src/main.o
 .debug_macro   0x00000000000010c8       0x2e Core/Src/main.o
 .debug_macro   0x00000000000010f6       0x22 Core/Src/main.o
 .debug_macro   0x0000000000001118       0x22 Core/Src/main.o
 .debug_macro   0x000000000000113a       0x8e Core/Src/main.o
 .debug_macro   0x00000000000011c8       0x51 Core/Src/main.o
 .debug_macro   0x0000000000001219      0x103 Core/Src/main.o
 .debug_macro   0x000000000000131c       0x6a Core/Src/main.o
 .debug_macro   0x0000000000001386      0x1df Core/Src/main.o
 .debug_macro   0x0000000000001565       0x1c Core/Src/main.o
 .debug_macro   0x0000000000001581       0x22 Core/Src/main.o
 .debug_macro   0x00000000000015a3       0xc3 Core/Src/main.o
 .debug_macro   0x0000000000001666      0xd23 Core/Src/main.o
 .debug_macro   0x0000000000002389     0xe097 Core/Src/main.o
 .debug_macro   0x0000000000010420       0x43 Core/Src/main.o
 .debug_macro   0x0000000000010463     0x3468 Core/Src/main.o
 .debug_macro   0x00000000000138cb      0x174 Core/Src/main.o
 .debug_macro   0x0000000000013a3f       0x5c Core/Src/main.o
 .debug_macro   0x0000000000013a9b      0x5be Core/Src/main.o
 .debug_macro   0x0000000000014059      0x289 Core/Src/main.o
 .debug_macro   0x00000000000142e2      0x1cb Core/Src/main.o
 .debug_macro   0x00000000000144ad      0x114 Core/Src/main.o
 .debug_macro   0x00000000000145c1      0x1b2 Core/Src/main.o
 .debug_macro   0x0000000000014773       0x27 Core/Src/main.o
 .debug_macro   0x000000000001479a      0x136 Core/Src/main.o
 .debug_macro   0x00000000000148d0      0x1bc Core/Src/main.o
 .debug_macro   0x0000000000014a8c       0x34 Core/Src/main.o
 .debug_macro   0x0000000000014ac0       0x3c Core/Src/main.o
 .debug_macro   0x0000000000014afc       0x57 Core/Src/main.o
 .debug_macro   0x0000000000014b53       0x88 Core/Src/main.o
 .debug_macro   0x0000000000014bdb      0x241 Core/Src/main.o
 .debug_macro   0x0000000000014e1c      0x141 Core/Src/main.o
 .debug_macro   0x0000000000014f5d      0x217 Core/Src/main.o
 .debug_macro   0x0000000000015174       0x65 Core/Src/main.o
 .debug_macro   0x00000000000151d9      0x249 Core/Src/main.o
 .debug_macro   0x0000000000015422       0x83 Core/Src/main.o
 .debug_macro   0x00000000000154a5      0x2be Core/Src/main.o
 .debug_macro   0x0000000000015763       0xd7 Core/Src/main.o
 .debug_macro   0x000000000001583a       0x74 Core/Src/main.o
 .debug_macro   0x00000000000158ae       0xd0 Core/Src/main.o
 .debug_macro   0x000000000001597e       0x28 Core/Src/main.o
 .debug_macro   0x00000000000159a6       0x2a Core/Src/main.o
 .debug_macro   0x00000000000159d0       0x90 Core/Src/main.o
 .debug_macro   0x0000000000015a60      0x287 Core/Src/main.o
 .debug_macro   0x0000000000015ce7      0x57a Core/Src/main.o
 .debug_macro   0x0000000000016261      0x22a Core/Src/main.o
 .debug_macro   0x000000000001648b       0x52 Core/Src/main.o
 .debug_macro   0x00000000000164dd       0x18 Core/Src/main.o
 .debug_macro   0x00000000000164f5       0x3c Core/Src/main.o
 .debug_macro   0x0000000000016531       0x34 Core/Src/main.o
 .debug_macro   0x0000000000016565       0x16 Core/Src/main.o
 .debug_macro   0x000000000001657b       0x35 Core/Src/main.o
 .debug_macro   0x00000000000165b0      0x333 Core/Src/main.o
 .debug_macro   0x00000000000168e3       0x10 Core/Src/main.o
 .debug_macro   0x00000000000168f3       0x16 Core/Src/main.o
 .debug_macro   0x0000000000016909       0x43 Core/Src/main.o
 .debug_macro   0x000000000001694c       0x34 Core/Src/main.o
 .debug_macro   0x0000000000016980       0x10 Core/Src/main.o
 .debug_macro   0x0000000000016990       0x58 Core/Src/main.o
 .debug_macro   0x00000000000169e8       0x71 Core/Src/main.o
 .debug_macro   0x0000000000016a59       0x1c Core/Src/main.o
 .debug_macro   0x0000000000016a75      0x12a Core/Src/main.o
 .debug_macro   0x0000000000016b9f       0x10 Core/Src/main.o
 .debug_macro   0x0000000000016baf       0x1c Core/Src/main.o
 .debug_macro   0x0000000000016bcb       0x52 Core/Src/main.o
 .debug_macro   0x0000000000016c1d       0x22 Core/Src/main.o
 .debug_macro   0x0000000000016c3f       0x10 Core/Src/main.o
 .debug_macro   0x0000000000016c4f       0x40 Core/Src/main.o
 .debug_macro   0x0000000000016c8f       0xd5 Core/Src/main.o
 .debug_macro   0x0000000000016d64       0x1c Core/Src/main.o
 .debug_macro   0x0000000000016d80       0x3d Core/Src/main.o
 .debug_macro   0x0000000000016dbd       0x16 Core/Src/main.o
 .debug_macro   0x0000000000016dd3      0x145 Core/Src/main.o
 .debug_macro   0x0000000000016f18       0x16 Core/Src/main.o
 .debug_macro   0x0000000000016f2e       0x16 Core/Src/main.o
 .debug_macro   0x0000000000016f44       0x29 Core/Src/main.o
 .debug_macro   0x0000000000016f6d       0x16 Core/Src/main.o
 .debug_macro   0x0000000000016f83       0x20 Core/Src/main.o
 .debug_macro   0x0000000000016fa3       0x60 Core/Src/main.o
 .debug_macro   0x0000000000017003      0x1c8 Core/Src/main.o
 .debug_macro   0x00000000000171cb      0x216 Core/Src/stm32f1xx_hal_msp.o
 .debug_macro   0x00000000000173e1      0x22a Core/Src/stm32f1xx_it.o
 .debug_macro   0x000000000001760b      0x1b2 Core/Src/system_stm32f1xx.o
 .debug_macro   0x00000000000177bd      0x447 Core/Src/user.o
 .debug_macro   0x0000000000017c04       0x8f Core/Src/user.o
 .debug_macro   0x0000000000017c93       0x10 Core/Src/user.o
 .debug_macro   0x0000000000017ca3      0x1d6 Drivers/STM32F1xx_HAL_Driver/Src/stm32f1xx_hal.o
 .debug_macro   0x0000000000017e79      0x1b2 Drivers/STM32F1xx_HAL_Driver/Src/stm32f1xx_hal_cortex.o
 .debug_macro   0x000000000001802b      0x1b2 Drivers/STM32F1xx_HAL_Driver/Src/stm32f1xx_hal_dma.o
 .debug_macro   0x00000000000181dd      0x21d Drivers/STM32F1xx_HAL_Driver/Src/stm32f1xx_hal_gpio.o
 .debug_macro   0x00000000000183fa      0x1be Drivers/STM32F1xx_HAL_Driver/Src/stm32f1xx_hal_pcd.o
 .debug_macro   0x00000000000185b8      0x1b2 Drivers/STM32F1xx_HAL_Driver/Src/stm32f1xx_hal_pcd_ex.o
 .debug_macro   0x000000000001876a      0x1ba Drivers/STM32F1xx_HAL_Driver/Src/stm32f1xx_hal_spi.o
 .debug_macro   0x0000000000018924      0x1ee Drivers/STM32F1xx_HAL_Driver/Src/stm32f1xx_ll_gpio.o
 .debug_macro   0x0000000000018b12      0x224 Drivers/STM32F1xx_HAL_Driver/Src/stm32f1xx_ll_gpio.o
 .debug_macro   0x0000000000018d36      0x23d Drivers/STM32F1xx_HAL_Driver/Src/stm32f1xx_ll_tim.o
 .debug_macro   0x0000000000018f73      0x574 Drivers/STM32F1xx_HAL_Driver/Src/stm32f1xx_ll_tim.o
 .debug_macro   0x00000000000194e7      0x1b2 Drivers/STM32F1xx_HAL_Driver/Src/stm32f1xx_ll_usb.o
 .debug_macro   0x0000000000019699      0x229 Drivers/STM32F1xx_HAL_Driver/Src/stm32f1xx_ll_utils.o
 .debug_macro   0x00000000000198c2      0x42c Middlewares/ST/STM32_USB_Device_Library/Class/CDC/Src/usbd_cdc.o
 .debug_macro   0x0000000000019cee       0x97 Middlewares/ST/STM32_USB_Device_Library/Class/CDC/Src/usbd_cdc.o
 .debug_macro   0x0000000000019d85       0xfd Middlewares/ST/STM32_USB_Device_Library/Class/CDC/Src/usbd_cdc.o
 .debug_macro   0x0000000000019e82       0xbd Middlewares/ST/STM32_USB_Device_Library/Class/CDC/Src/usbd_cdc.o
 .debug_macro   0x0000000000019f3f       0x56 Middlewares/ST/STM32_USB_Device_Library/Class/CDC/Src/usbd_cdc.o
 .debug_macro   0x0000000000019f95      0x413 Middlewares/ST/STM32_USB_Device_Library/Core/Src/usbd_core.o
 .debug_macro   0x000000000001a3a8      0x1ce Middlewares/ST/STM32_USB_Device_Library/Core/Src/usbd_core.o
 .debug_macro   0x000000000001a576      0x41d Middlewares/ST/STM32_USB_Device_Library/Core/Src/usbd_ctlreq.o
 .debug_macro   0x000000000001a993      0x419 Middlewares/ST/STM32_USB_Device_Library/Core/Src/usbd_ioreq.o
 .debug_macro   0x000000000001adac      0x452 USB_DEVICE/App/usb_device.o
 .debug_macro   0x000000000001b1fe       0x22 USB_DEVICE/App/usb_device.o
 .debug_macro   0x000000000001b220       0x16 USB_DEVICE/App/usb_device.o
 .debug_macro   0x000000000001b236      0x441 USB_DEVICE/App/usbd_cdc_if.o
 .debug_macro   0x000000000001b677      0x450 USB_DEVICE/App/usbd_desc.o
 .debug_macro   0x000000000001bac7       0x1c USB_DEVICE/App/usbd_desc.o
 .debug_macro   0x000000000001bae3      0x436 USB_DEVICE/Target/usbd_conf.o

.debug_line     0x0000000000000000    0x15f2c
 .debug_line    0x0000000000000000     0x10d1 Core/Src/main.o
 .debug_line    0x00000000000010d1      0x909 Core/Src/stm32f1xx_hal_msp.o
 .debug_line    0x00000000000019da      0x915 Core/Src/stm32f1xx_it.o
 .debug_line    0x00000000000022ef      0x73d Core/Src/system_stm32f1xx.o
 .debug_line    0x0000000000002a2c      0xecb Core/Src/user.o
 .debug_line    0x00000000000038f7       0x84 Core/Startup/startup_stm32f103c8tx.o
 .debug_line    0x000000000000397b      0x9ab Drivers/STM32F1xx_HAL_Driver/Src/stm32f1xx_hal.o
 .debug_line    0x0000000000004326      0xb13 Drivers/STM32F1xx_HAL_Driver/Src/stm32f1xx_hal_cortex.o
 .debug_line    0x0000000000004e39      0xf3b Drivers/STM32F1xx_HAL_Driver/Src/stm32f1xx_hal_dma.o
 .debug_line    0x0000000000005d74      0xab5 Drivers/STM32F1xx_HAL_Driver/Src/stm32f1xx_hal_gpio.o
 .debug_line    0x0000000000006829     0x1798 Drivers/STM32F1xx_HAL_Driver/Src/stm32f1xx_hal_pcd.o
 .debug_line    0x0000000000007fc1      0x74a Drivers/STM32F1xx_HAL_Driver/Src/stm32f1xx_hal_pcd_ex.o
 .debug_line    0x000000000000870b     0x27f2 Drivers/STM32F1xx_HAL_Driver/Src/stm32f1xx_hal_spi.o
 .debug_line    0x000000000000aefd      0xa36 Drivers/STM32F1xx_HAL_Driver/Src/stm32f1xx_ll_gpio.o
 .debug_line    0x000000000000b933      0xf7d Drivers/STM32F1xx_HAL_Driver/Src/stm32f1xx_ll_tim.o
 .debug_line    0x000000000000c8b0     0x1cfc Drivers/STM32F1xx_HAL_Driver/Src/stm32f1xx_ll_usb.o
 .debug_line    0x000000000000e5ac      0xbdf Drivers/STM32F1xx_HAL_Driver/Src/stm32f1xx_ll_utils.o
 .debug_line    0x000000000000f18b      0xf72 Middlewares/ST/STM32_USB_Device_Library/Class/CDC/Src/usbd_cdc.o
 .debug_line    0x00000000000100fd      0xf74 Middlewares/ST/STM32_USB_Device_Library/Core/Src/usbd_core.o
 .debug_line    0x0000000000011071     0x11a8 Middlewares/ST/STM32_USB_Device_Library/Core/Src/usbd_ctlreq.o
 .debug_line    0x0000000000012219      0xb6a Middlewares/ST/STM32_USB_Device_Library/Core/Src/usbd_ioreq.o
 .debug_line    0x0000000000012d83      0xaef USB_DEVICE/App/usb_device.o
 .debug_line    0x0000000000013872      0xb62 USB_DEVICE/App/usbd_cdc_if.o
 .debug_line    0x00000000000143d4      0xbdc USB_DEVICE/App/usbd_desc.o
 .debug_line    0x0000000000014fb0      0xf7c USB_DEVICE/Target/usbd_conf.o

.debug_str      0x0000000000000000    0x8f98a
 .debug_str     0x0000000000000000    0x8aa2a Core/Src/main.o
                                      0x8b134 (size before relaxing)
 .debug_str     0x000000000008aa2a       0xb1 Core/Src/stm32f1xx_hal_msp.o
                                      0x85c49 (size before relaxing)
 .debug_str     0x000000000008aadb      0x435 Core/Src/stm32f1xx_it.o
                                      0x85fc7 (size before relaxing)
 .debug_str     0x000000000008af10       0x52 Core/Src/system_stm32f1xx.o
                                      0x7e529 (size before relaxing)
 .debug_str     0x000000000008af62      0x7dc Core/Src/user.o
                                      0x8af7d (size before relaxing)
 .debug_str     0x000000000008b73e       0x36 Core/Startup/startup_stm32f103c8tx.o
                                         0x70 (size before relaxing)
 .debug_str     0x000000000008b774      0x2e3 Drivers/STM32F1xx_HAL_Driver/Src/stm32f1xx_hal.o
                                      0x7ebff (size before relaxing)
 .debug_str     0x000000000008ba57      0x19b Drivers/STM32F1xx_HAL_Driver/Src/stm32f1xx_hal_cortex.o
                                      0x7ebc2 (size before relaxing)
 .debug_str     0x000000000008bbf2      0x20b Drivers/STM32F1xx_HAL_Driver/Src/stm32f1xx_hal_dma.o
                                      0x7e910 (size before relaxing)
 .debug_str     0x000000000008bdfd      0x317 Drivers/STM32F1xx_HAL_Driver/Src/stm32f1xx_hal_gpio.o
                                      0x7e8ed (size before relaxing)
 .debug_str     0x000000000008c114      0x563 Drivers/STM32F1xx_HAL_Driver/Src/stm32f1xx_hal_pcd.o
                                      0x7ee1d (size before relaxing)
 .debug_str     0x000000000008c677      0x170 Drivers/STM32F1xx_HAL_Driver/Src/stm32f1xx_hal_pcd_ex.o
                                      0x7e9c9 (size before relaxing)
 .debug_str     0x000000000008c7e7      0x52c Drivers/STM32F1xx_HAL_Driver/Src/stm32f1xx_hal_spi.o
                                      0x7ee6a (size before relaxing)
 .debug_str     0x000000000008cd13      0x3d8 Drivers/STM32F1xx_HAL_Driver/Src/stm32f1xx_ll_gpio.o
                                      0x7fe7a (size before relaxing)
 .debug_str     0x000000000008d0eb     0x119f Drivers/STM32F1xx_HAL_Driver/Src/stm32f1xx_ll_tim.o
                                      0x82bbf (size before relaxing)
 .debug_str     0x000000000008e28a      0x139 Drivers/STM32F1xx_HAL_Driver/Src/stm32f1xx_ll_usb.o
                                      0x7e9fc (size before relaxing)
 .debug_str     0x000000000008e3c3      0xa73 Drivers/STM32F1xx_HAL_Driver/Src/stm32f1xx_ll_utils.o
                                      0x80683 (size before relaxing)
 .debug_str     0x000000000008ee36      0x321 Middlewares/ST/STM32_USB_Device_Library/Class/CDC/Src/usbd_cdc.o
                                      0x8b03e (size before relaxing)
 .debug_str     0x000000000008f157      0x294 Middlewares/ST/STM32_USB_Device_Library/Core/Src/usbd_core.o
                                      0x8a98c (size before relaxing)
 .debug_str     0x000000000008f3eb      0x120 Middlewares/ST/STM32_USB_Device_Library/Core/Src/usbd_ctlreq.o
                                      0x8a8a6 (size before relaxing)
 .debug_str     0x000000000008f50b       0x51 Middlewares/ST/STM32_USB_Device_Library/Core/Src/usbd_ioreq.o
                                      0x8a7d3 (size before relaxing)
 .debug_str     0x000000000008f55c       0xaf USB_DEVICE/App/usb_device.o
                                      0x8ab4d (size before relaxing)
 .debug_str     0x000000000008f60b       0xb4 USB_DEVICE/App/usbd_cdc_if.o
                                      0x8af93 (size before relaxing)
 .debug_str     0x000000000008f6bf      0x258 USB_DEVICE/App/usbd_desc.o
                                      0x8a70f (size before relaxing)
 .debug_str     0x000000000008f917       0x73 USB_DEVICE/Target/usbd_conf.o
                                      0x8b5df (size before relaxing)

.comment        0x0000000000000000       0x53
 .comment       0x0000000000000000       0x53 Core/Src/main.o
                                         0x54 (size before relaxing)
 .comment       0x0000000000000053       0x54 Core/Src/stm32f1xx_hal_msp.o
 .comment       0x0000000000000053       0x54 Core/Src/stm32f1xx_it.o
 .comment       0x0000000000000053       0x54 Core/Src/system_stm32f1xx.o
 .comment       0x0000000000000053       0x54 Core/Src/user.o
 .comment       0x0000000000000053       0x54 Drivers/STM32F1xx_HAL_Driver/Src/stm32f1xx_hal.o
 .comment       0x0000000000000053       0x54 Drivers/STM32F1xx_HAL_Driver/Src/stm32f1xx_hal_cortex.o
 .comment       0x0000000000000053       0x54 Drivers/STM32F1xx_HAL_Driver/Src/stm32f1xx_hal_dma.o
 .comment       0x0000000000000053       0x54 Drivers/STM32F1xx_HAL_Driver/Src/stm32f1xx_hal_gpio.o
 .comment       0x0000000000000053       0x54 Drivers/STM32F1xx_HAL_Driver/Src/stm32f1xx_hal_pcd.o
 .comment       0x0000000000000053       0x54 Drivers/STM32F1xx_HAL_Driver/Src/stm32f1xx_hal_pcd_ex.o
 .comment       0x0000000000000053       0x54 Drivers/STM32F1xx_HAL_Driver/Src/stm32f1xx_hal_spi.o
 .comment       0x0000000000000053       0x54 Drivers/STM32F1xx_HAL_Driver/Src/stm32f1xx_ll_gpio.o
 .comment       0x0000000000000053       0x54 Drivers/STM32F1xx_HAL_Driver/Src/stm32f1xx_ll_tim.o
 .comment       0x0000000000000053       0x54 Drivers/STM32F1xx_HAL_Driver/Src/stm32f1xx_ll_usb.o
 .comment       0x0000000000000053       0x54 Drivers/STM32F1xx_HAL_Driver/Src/stm32f1xx_ll_utils.o
 .comment       0x0000000000000053       0x54 Middlewares/ST/STM32_USB_Device_Library/Class/CDC/Src/usbd_cdc.o
 .comment       0x0000000000000053       0x54 Middlewares/ST/STM32_USB_Device_Library/Core/Src/usbd_core.o
 .comment       0x0000000000000053       0x54 Middlewares/ST/STM32_USB_Device_Library/Core/Src/usbd_ctlreq.o
 .comment       0x0000000000000053       0x54 Middlewares/ST/STM32_USB_Device_Library/Core/Src/usbd_ioreq.o
 .comment       0x0000000000000053       0x54 USB_DEVICE/App/usb_device.o
 .comment       0x0000000000000053       0x54 USB_DEVICE/App/usbd_cdc_if.o
 .comment       0x0000000000000053       0x54 USB_DEVICE/App/usbd_desc.o
 .comment       0x0000000000000053       0x54 USB_DEVICE/Target/usbd_conf.o

.debug_frame    0x0000000000000000     0x1e68
 .debug_frame   0x0000000000000000       0x54 Core/Src/main.o
 .debug_frame   0x0000000000000054       0x60 Core/Src/stm32f1xx_hal_msp.o
 .debug_frame   0x00000000000000b4      0x108 Core/Src/stm32f1xx_it.o
 .debug_frame   0x00000000000001bc       0x30 Core/Src/system_stm32f1xx.o
 .debug_frame   0x00000000000001ec       0xa4 Core/Src/user.o
 .debug_frame   0x0000000000000290      0x1cc Drivers/STM32F1xx_HAL_Driver/Src/stm32f1xx_hal.o
 .debug_frame   0x000000000000045c      0x12c Drivers/STM32F1xx_HAL_Driver/Src/stm32f1xx_hal_cortex.o
 .debug_frame   0x0000000000000588      0x144 Drivers/STM32F1xx_HAL_Driver/Src/stm32f1xx_hal_dma.o
 .debug_frame   0x00000000000006cc       0xe4 Drivers/STM32F1xx_HAL_Driver/Src/stm32f1xx_hal_gpio.o
 .debug_frame   0x00000000000007b0      0x308 Drivers/STM32F1xx_HAL_Driver/Src/stm32f1xx_hal_pcd.o
 .debug_frame   0x0000000000000ab8       0x50 Drivers/STM32F1xx_HAL_Driver/Src/stm32f1xx_hal_pcd_ex.o
 .debug_frame   0x0000000000000b08      0x5a0 Drivers/STM32F1xx_HAL_Driver/Src/stm32f1xx_hal_spi.o
 .debug_frame   0x00000000000010a8       0x58 Drivers/STM32F1xx_HAL_Driver/Src/stm32f1xx_ll_gpio.o
 .debug_frame   0x0000000000001100      0x120 Drivers/STM32F1xx_HAL_Driver/Src/stm32f1xx_ll_tim.o
 .debug_frame   0x0000000000001220      0x22c Drivers/STM32F1xx_HAL_Driver/Src/stm32f1xx_ll_usb.o
 .debug_frame   0x000000000000144c       0xac Drivers/STM32F1xx_HAL_Driver/Src/stm32f1xx_ll_utils.o
 .debug_frame   0x00000000000014f8      0x16c Middlewares/ST/STM32_USB_Device_Library/Class/CDC/Src/usbd_cdc.o
 .debug_frame   0x0000000000001664      0x1c4 Middlewares/ST/STM32_USB_Device_Library/Core/Src/usbd_core.o
 .debug_frame   0x0000000000001828       0xb4 Middlewares/ST/STM32_USB_Device_Library/Core/Src/usbd_ctlreq.o
 .debug_frame   0x00000000000018dc       0xb8 Middlewares/ST/STM32_USB_Device_Library/Core/Src/usbd_ioreq.o
 .debug_frame   0x0000000000001994       0x28 USB_DEVICE/App/usb_device.o
 .debug_frame   0x00000000000019bc       0x80 USB_DEVICE/App/usbd_cdc_if.o
 .debug_frame   0x0000000000001a3c       0xcc USB_DEVICE/App/usbd_desc.o
 .debug_frame   0x0000000000001b08      0x2ec USB_DEVICE/Target/usbd_conf.o
 .debug_frame   0x0000000000001df4       0x2c c:/st/stm32cubeide_1.6.0/stm32cubeide/plugins/com.st.stm32cube.ide.mcu.externaltools.gnu-tools-for-stm32.9-2020-q2-update.win32_1.5.0.202011040924/tools/bin/../lib/gcc/arm-none-eabi/9.3.1/../../../../arm-none-eabi/lib/thumb/v7-m/nofp\libc_nano.a(lib_a-init.o)
 .debug_frame   0x0000000000001e20       0x28 c:/st/stm32cubeide_1.6.0/stm32cubeide/plugins/com.st.stm32cube.ide.mcu.externaltools.gnu-tools-for-stm32.9-2020-q2-update.win32_1.5.0.202011040924/tools/bin/../lib/gcc/arm-none-eabi/9.3.1/../../../../arm-none-eabi/lib/thumb/v7-m/nofp\libc_nano.a(lib_a-memcpy-stub.o)
 .debug_frame   0x0000000000001e48       0x20 c:/st/stm32cubeide_1.6.0/stm32cubeide/plugins/com.st.stm32cube.ide.mcu.externaltools.gnu-tools-for-stm32.9-2020-q2-update.win32_1.5.0.202011040924/tools/bin/../lib/gcc/arm-none-eabi/9.3.1/../../../../arm-none-eabi/lib/thumb/v7-m/nofp\libc_nano.a(lib_a-memset.o)
